Archive member included to satisfy reference by file (symbol)

c:/progra~1/raspbe~1/picosd~1.1/gcc-ar~1/bin/../lib/gcc/arm-none-eabi/10.3.1/thumb/v6-m/nofp\libgcc.a(_dvmd_tls.o)
                              CMakeFiles/swd_edr.dir/C_/Program_Files/Raspberry_Pi/Pico_SDK_v1.5.1/pico-sdk/src/rp2_common/pico_divider/divider.S.obj (__aeabi_idiv0)
c:/progra~1/raspbe~1/picosd~1.1/gcc-ar~1/bin/../lib/gcc/arm-none-eabi/10.3.1/../../../../arm-none-eabi/lib/thumb/v6-m/nofp\libg.a(lib_a-calloc.o)
                              CMakeFiles/swd_edr.dir/C_/Program_Files/Raspberry_Pi/Pico_SDK_v1.5.1/pico-sdk/src/rp2_common/pico_malloc/pico_malloc.c.obj (calloc)
c:/progra~1/raspbe~1/picosd~1.1/gcc-ar~1/bin/../lib/gcc/arm-none-eabi/10.3.1/../../../../arm-none-eabi/lib/thumb/v6-m/nofp\libg.a(lib_a-callocr.o)
                              c:/progra~1/raspbe~1/picosd~1.1/gcc-ar~1/bin/../lib/gcc/arm-none-eabi/10.3.1/../../../../arm-none-eabi/lib/thumb/v6-m/nofp\libg.a(lib_a-calloc.o) (_calloc_r)
c:/progra~1/raspbe~1/picosd~1.1/gcc-ar~1/bin/../lib/gcc/arm-none-eabi/10.3.1/../../../../arm-none-eabi/lib/thumb/v6-m/nofp\libg.a(lib_a-errno.o)
                              CMakeFiles/swd_edr.dir/FatFs_SPI/src/ff_stdio.c.obj (__errno)
c:/progra~1/raspbe~1/picosd~1.1/gcc-ar~1/bin/../lib/gcc/arm-none-eabi/10.3.1/../../../../arm-none-eabi/lib/thumb/v6-m/nofp\libg.a(lib_a-fflush.o)
                              CMakeFiles/swd_edr.dir/FatFs_SPI/sd_driver/demo_logging.c.obj (fflush)
c:/progra~1/raspbe~1/picosd~1.1/gcc-ar~1/bin/../lib/gcc/arm-none-eabi/10.3.1/../../../../arm-none-eabi/lib/thumb/v6-m/nofp\libg.a(lib_a-findfp.o)
                              c:/progra~1/raspbe~1/picosd~1.1/gcc-ar~1/bin/../lib/gcc/arm-none-eabi/10.3.1/../../../../arm-none-eabi/lib/thumb/v6-m/nofp\libg.a(lib_a-fflush.o) (__sinit)
c:/progra~1/raspbe~1/picosd~1.1/gcc-ar~1/bin/../lib/gcc/arm-none-eabi/10.3.1/../../../../arm-none-eabi/lib/thumb/v6-m/nofp\libg.a(lib_a-freer.o)
                              c:/progra~1/raspbe~1/picosd~1.1/gcc-ar~1/bin/../lib/gcc/arm-none-eabi/10.3.1/../../../../arm-none-eabi/lib/thumb/v6-m/nofp\libg.a(lib_a-fflush.o) (_free_r)
c:/progra~1/raspbe~1/picosd~1.1/gcc-ar~1/bin/../lib/gcc/arm-none-eabi/10.3.1/../../../../arm-none-eabi/lib/thumb/v6-m/nofp\libg.a(lib_a-fwalk.o)
                              c:/progra~1/raspbe~1/picosd~1.1/gcc-ar~1/bin/../lib/gcc/arm-none-eabi/10.3.1/../../../../arm-none-eabi/lib/thumb/v6-m/nofp\libg.a(lib_a-findfp.o) (_fwalk)
c:/progra~1/raspbe~1/picosd~1.1/gcc-ar~1/bin/../lib/gcc/arm-none-eabi/10.3.1/../../../../arm-none-eabi/lib/thumb/v6-m/nofp\libg.a(lib_a-getc.o)
                              CMakeFiles/swd_edr.dir/main.c.obj (getc)
c:/progra~1/raspbe~1/picosd~1.1/gcc-ar~1/bin/../lib/gcc/arm-none-eabi/10.3.1/../../../../arm-none-eabi/lib/thumb/v6-m/nofp\libg.a(lib_a-impure.o)
                              c:/progra~1/raspbe~1/picosd~1.1/gcc-ar~1/bin/../lib/gcc/arm-none-eabi/10.3.1/../../../../arm-none-eabi/lib/thumb/v6-m/nofp\libg.a(lib_a-fflush.o) (_global_impure_ptr)
c:/progra~1/raspbe~1/picosd~1.1/gcc-ar~1/bin/../lib/gcc/arm-none-eabi/10.3.1/../../../../arm-none-eabi/lib/thumb/v6-m/nofp\libg.a(lib_a-init.o)
                              c:/progra~1/raspbe~1/picosd~1.1/gcc-ar~1/bin/../lib/gcc/arm-none-eabi/10.3.1/../../../../arm-none-eabi/lib/thumb/v6-m/nofp/crt0.o (__libc_init_array)
c:/progra~1/raspbe~1/picosd~1.1/gcc-ar~1/bin/../lib/gcc/arm-none-eabi/10.3.1/../../../../arm-none-eabi/lib/thumb/v6-m/nofp\libg.a(lib_a-lock.o)
                              c:/progra~1/raspbe~1/picosd~1.1/gcc-ar~1/bin/../lib/gcc/arm-none-eabi/10.3.1/../../../../arm-none-eabi/lib/thumb/v6-m/nofp\libg.a(lib_a-findfp.o) (__retarget_lock_init_recursive)
c:/progra~1/raspbe~1/picosd~1.1/gcc-ar~1/bin/../lib/gcc/arm-none-eabi/10.3.1/../../../../arm-none-eabi/lib/thumb/v6-m/nofp\libg.a(lib_a-malloc.o)
                              CMakeFiles/swd_edr.dir/C_/Program_Files/Raspberry_Pi/Pico_SDK_v1.5.1/pico-sdk/src/rp2_common/pico_malloc/pico_malloc.c.obj (malloc)
c:/progra~1/raspbe~1/picosd~1.1/gcc-ar~1/bin/../lib/gcc/arm-none-eabi/10.3.1/../../../../arm-none-eabi/lib/thumb/v6-m/nofp\libg.a(lib_a-mallocr.o)
                              c:/progra~1/raspbe~1/picosd~1.1/gcc-ar~1/bin/../lib/gcc/arm-none-eabi/10.3.1/../../../../arm-none-eabi/lib/thumb/v6-m/nofp\libg.a(lib_a-callocr.o) (_malloc_r)
c:/progra~1/raspbe~1/picosd~1.1/gcc-ar~1/bin/../lib/gcc/arm-none-eabi/10.3.1/../../../../arm-none-eabi/lib/thumb/v6-m/nofp\libg.a(lib_a-memcmp.o)
                              CMakeFiles/swd_edr.dir/FatFs_SPI/ff15/source/ff.c.obj (memcmp)
c:/progra~1/raspbe~1/picosd~1.1/gcc-ar~1/bin/../lib/gcc/arm-none-eabi/10.3.1/../../../../arm-none-eabi/lib/thumb/v6-m/nofp\libg.a(lib_a-mktime.o)
                              CMakeFiles/swd_edr.dir/FatFs_SPI/src/rtc.c.obj (mktime)
c:/progra~1/raspbe~1/picosd~1.1/gcc-ar~1/bin/../lib/gcc/arm-none-eabi/10.3.1/../../../../arm-none-eabi/lib/thumb/v6-m/nofp\libg.a(lib_a-mlock.o)
[...]
Memory Configuration

Name             Origin             Length             Attributes
FLASH            0x10000000         0x00200000         xr
RAM              0x20000000         0x00040000         xrw
SCRATCH_X        0x20040000         0x00001000         xrw
SCRATCH_Y        0x20041000         0x00001000         xrw
*default*        0x00000000         0xffffffff

Linker script and memory map

LOAD c:/progra~1/raspbe~1/picosd~1.1/gcc-ar~1/bin/../lib/gcc/arm-none-eabi/10.3.1/thumb/v6-m/nofp/crti.o
LOAD c:/progra~1/raspbe~1/picosd~1.1/gcc-ar~1/bin/../lib/gcc/arm-none-eabi/10.3.1/thumb/v6-m/nofp/crtbegin.o
LOAD c:/progra~1/raspbe~1/picosd~1.1/gcc-ar~1/bin/../lib/gcc/arm-none-eabi/10.3.1/../../../../arm-none-eabi/lib/thumb/v6-m/nofp/crt0.o

.flash_begin    0x10000000        0x0
                0x10000000                __flash_binary_start = .

.boot2          0x10000000      0x100
                0x10000000                __boot2_start__ = .
 *(.boot2)
 .boot2         0x10000000      0x100 C:\Users\Admin\AppData\Local\Temp\ccmF70lC.o
                0x10000100                __boot2_end__ = .
                0x00000001                ASSERT (((__boot2_end__ - __boot2_start__) == 0x100), ERROR: Pico second stage bootloader must be 256 bytes in size)

.text           0x10000100     0xd028
                0x10000100                __logical_binary_start = .
 *(.vectors)
 .vectors       0x10000100       0xd4 CMakeFiles/swd_edr.dir/C_/Program_Files/Raspberry_Pi/Pico_SDK_v1.5.1/pico-sdk/src/rp2_common/pico_standard_link/crt0.S.obj
                0x10000100                __VECTOR_TABLE
                0x10000100                __vectors
                0x100001c0                isr_invalid
                0x100001c0                __default_isrs_start
                0x100001c2                isr_nmi
                0x100001c4                isr_hardfault
                0x100001c6                isr_svcall
                0x100001c8                isr_pendsv
                0x100001ca                isr_systick
                0x100001cc                isr_irq23
                0x100001cc                isr_irq18
                0x100001cc                isr_irq11
                0x100001cc                isr_irq28
                0x100001cc                isr_irq19
                0x100001cc                isr_irq0
                0x100001cc                isr_irq6
                0x100001cc                isr_irq5
                0x100001cc                isr_irq12
                0x100001cc                isr_irq22
                0x100001cc                isr_irq31
                0x100001cc                isr_irq17
                0x100001cc                isr_irq27
                0x100001cc                isr_irq30
                0x100001cc                isr_irq2
                0x100001cc                isr_irq10
                0x100001cc                isr_irq8
                0x100001cc                isr_irq24
                0x100001cc                isr_irq1
                0x100001cc                isr_irq7
                0x100001cc                isr_irq21
                0x100001cc                isr_irq20
                0x100001cc                isr_irq15
                0x100001cc                isr_irq25
                0x100001cc                isr_irq13
                0x100001cc                __unhandled_user_irq
                0x100001cc                isr_irq4
                0x100001cc                isr_irq16
                0x100001cc                isr_irq29
                0x100001cc                isr_irq26
                0x100001cc                __default_isrs_end
                0x100001cc                isr_irq3
                0x100001cc                isr_irq14
                0x100001cc                isr_irq9
                0x100001d2                unhandled_user_irq_num_in_r0
 *(.binary_info_header)
 .binary_info_header
                0x100001d4       0x14 CMakeFiles/swd_edr.dir/C_/Program_Files/Raspberry_Pi/Pico_SDK_v1.5.1/pico-sdk/src/rp2_common/pico_standard_link/crt0.S.obj
                0x100001e8                __binary_info_header_end = .
 *(.reset)
 .reset         0x100001e8       0xa0 CMakeFiles/swd_edr.dir/C_/Program_Files/Raspberry_Pi/Pico_SDK_v1.5.1/pico-sdk/src/rp2_common/pico_standard_link/crt0.S.obj
                0x100001e8                _entry_point
 .reset         0x10000288       0x30 CMakeFiles/swd_edr.dir/C_/Program_Files/Raspberry_Pi/Pico_SDK_v1.5.1/pico-sdk/src/rp2_common/pico_standard_link/binary_info.c.obj
 *(.init)
 .init          0x100002b8        0x4 c:/progra~1/raspbe~1/picosd~1.1/gcc-ar~1/bin/../lib/gcc/arm-none-eabi/10.3.1/thumb/v6-m/nofp/crti.o
                0x100002b8                _init
 *(EXCLUDE_FILE(*libm.a: *libc.a:*lib_a-mem*.o *libgcc.a:) .text*)
 .text          0x100002bc       0x48 c:/progra~1/raspbe~1/picosd~1.1/gcc-ar~1/bin/../lib/gcc/arm-none-eabi/10.3.1/thumb/v6-m/nofp/crtbegin.o
 .text.printBuffer
                0x10000304       0x24 CMakeFiles/swd_edr.dir/main.c.obj
                0x10000304                printBuffer
 .text.detectMemoryAnomalies
                0x10000328      0x21c CMakeFiles/swd_edr.dir/main.c.obj
                0x10000328                detectMemoryAnomalies
 .text.showPrompt
                0x10000544       0x10 CMakeFiles/swd_edr.dir/main.c.obj
                0x10000544                showPrompt
 .text.showMenu
                0x10000554       0x2c CMakeFiles/swd_edr.dir/main.c.obj
                0x10000554                showMenu
 .text.jep106_table_manufacturer
                0x10000580       0x34 CMakeFiles/swd_edr.dir/main.c.obj
                0x10000580                jep106_table_manufacturer
 .text.swdDisplayDeviceDetails
                0x100005b4       0x4c CMakeFiles/swd_edr.dir/main.c.obj
                0x100005b4                swdDisplayDeviceDetails
 .text.swdDisplayPinout
                0x10000600       0x28 CMakeFiles/swd_edr.dir/main.c.obj
                0x10000600                swdDisplayPinout
 .text.initSwdPins
                0x10000628       0x30 CMakeFiles/swd_edr.dir/main.c.obj
                0x10000628                initSwdPins
 .text.swdClockPulse
                0x10000658       0x2c CMakeFiles/swd_edr.dir/main.c.obj
                0x10000658                swdClockPulse
 .text.swdSetReadMode
                0x10000684       0x14 CMakeFiles/swd_edr.dir/main.c.obj
                0x10000684                swdSetReadMode
 .text.swdTurnAround
                0x10000698        0xc CMakeFiles/swd_edr.dir/main.c.obj
                0x10000698                swdTurnAround
 .text.swdSetWriteMode
                0x100006a4       0x1c CMakeFiles/swd_edr.dir/main.c.obj
                0x100006a4                swdSetWriteMode
 .text.swdIOHigh
                0x100006c0       0x14 CMakeFiles/swd_edr.dir/main.c.obj
                0x100006c0                swdIOHigh
 .text.swdReadBit
                0x100006d4       0x20 CMakeFiles/swd_edr.dir/main.c.obj
                0x100006d4                swdReadBit
 .text.swdReadDPIDR
                0x100006f4       0x3c CMakeFiles/swd_edr.dir/main.c.obj
                0x100006f4                swdReadDPIDR
 .text.swdRead  0x10000730       0x34 CMakeFiles/swd_edr.dir/main.c.obj
                0x10000730                swdRead
 .text.swdWriteBit
                0x10000764       0x28 CMakeFiles/swd_edr.dir/main.c.obj
                0x10000764                swdWriteBit
 .text.swdWriteBits
                0x1000078c       0x1e CMakeFiles/swd_edr.dir/main.c.obj
                0x1000078c                swdWriteBits
 *fill*         0x100007aa        0x2 
 .text.clearAndCheck
                0x100007ac       0x60 CMakeFiles/swd_edr.dir/main.c.obj
                0x100007ac                clearAndCheck
 .text.swdReadAck
                0x1000080c       0x5c CMakeFiles/swd_edr.dir/main.c.obj
                0x1000080c                swdReadAck
 .text.swdResetLineSWDJ
                0x10000868       0x16 CMakeFiles/swd_edr.dir/main.c.obj
                0x10000868                swdResetLineSWDJ
 .text.swdArmWakeUp
                0x1000087e       0xaa CMakeFiles/swd_edr.dir/main.c.obj
                0x1000087e                swdArmWakeUp
 .text.swdinitialop
                0x10000928       0x5c CMakeFiles/swd_edr.dir/main.c.obj
                0x10000928                swdinitialop
 .text.getparity
                0x10000984       0x24 CMakeFiles/swd_edr.dir/main.c.obj
                0x10000984                getparity
 .text.dumpdata
                0x100009a8      0x180 CMakeFiles/swd_edr.dir/main.c.obj
                0x100009a8                dumpdata
 .text.getNumDumps
                0x10000b28       0x20 CMakeFiles/swd_edr.dir/main.c.obj
                0x10000b28                getNumDumps
 .text.getFormat
                0x10000b48       0x20 CMakeFiles/swd_edr.dir/main.c.obj
                0x10000b48                getFormat
 .text.getAddress
                0x10000b68       0x20 CMakeFiles/swd_edr.dir/main.c.obj
                0x10000b68                getAddress
 .text.getBytes
                0x10000b88       0x20 CMakeFiles/swd_edr.dir/main.c.obj
                0x10000b88                getBytes
 .text.swdTrySWDJ
                0x10000ba8      0x118 CMakeFiles/swd_edr.dir/main.c.obj
                0x10000ba8                swdTrySWDJ
 .text.swdBruteForce
                0x10000cc0       0x1c CMakeFiles/swd_edr.dir/main.c.obj
                0x10000cc0                swdBruteForce
 .text.swdScan  0x10000cdc       0x60 CMakeFiles/swd_edr.dir/main.c.obj
                0x10000cdc                swdScan
 .text.main     0x10000d3c       0x74 CMakeFiles/swd_edr.dir/main.c.obj
                0x10000d3c                main
 .text.gpio_set_function
                0x10000db0       0x30 CMakeFiles/swd_edr.dir/C_/Program_Files/Raspberry_Pi/Pico_SDK_v1.5.1/pico-sdk/src/rp2_common/hardware_gpio/gpio.c.obj
                0x10000db0                gpio_set_function
 .text.gpio_init
                0x10000de0       0x16 CMakeFiles/swd_edr.dir/C_/Program_Files/Raspberry_Pi/Pico_SDK_v1.5.1/pico-sdk/src/rp2_common/hardware_gpio/gpio.c.obj
                0x10000de0                gpio_init
 *fill*         0x10000df6        0x2 
 .text.running_on_fpga
                0x10000df8       0x14 CMakeFiles/swd_edr.dir/C_/Program_Files/Raspberry_Pi/Pico_SDK_v1.5.1/pico-sdk/src/rp2_common/pico_platform/platform.c.obj
                0x10000df8                running_on_fpga
 .text.hw_claim_lock
                0x10000e0c       0x18 CMakeFiles/swd_edr.dir/C_/Program_Files/Raspberry_Pi/Pico_SDK_v1.5.1/pico-sdk/src/rp2_common/hardware_claim/claim.c.obj
                0x10000e0c                hw_claim_lock
 .text.hw_claim_unlock
                0x10000e24       0x14 CMakeFiles/swd_edr.dir/C_/Program_Files/Raspberry_Pi/Pico_SDK_v1.5.1/pico-sdk/src/rp2_common/hardware_claim/claim.c.obj
                0x10000e24                hw_claim_unlock
 .text.hw_claim_or_assert
                0x10000e38       0x32 CMakeFiles/swd_edr.dir/C_/Program_Files/Raspberry_Pi/Pico_SDK_v1.5.1/pico-sdk/src/rp2_common/hardware_claim/claim.c.obj
                0x10000e38                hw_claim_or_assert
 .text.hw_claim_unused_from_range
                0x10000e6a       0x50 CMakeFiles/swd_edr.dir/C_/Program_Files/Raspberry_Pi/Pico_SDK_v1.5.1/pico-sdk/src/rp2_common/hardware_claim/claim.c.obj
                0x10000e6a                hw_claim_unused_from_range
 *fill*         0x10000eba        0x2 
 .text.spin_locks_reset
                0x10000ebc       0x20 CMakeFiles/swd_edr.dir/C_/Program_Files/Raspberry_Pi/Pico_SDK_v1.5.1/pico-sdk/src/rp2_common/hardware_sync/sync.c.obj
                0x10000ebc                spin_locks_reset
 .text.next_striped_spin_lock_num
                0x10000edc       0x1c CMakeFiles/swd_edr.dir/C_/Program_Files/Raspberry_Pi/Pico_SDK_v1.5.1/pico-sdk/src/rp2_common/hardware_sync/sync.c.obj
                0x10000edc                next_striped_spin_lock_num
 .text.spin_lock_claim_unused
                0x10000ef8       0x20 CMakeFiles/swd_edr.dir/C_/Program_Files/Raspberry_Pi/Pico_SDK_v1.5.1/pico-sdk/src/rp2_common/hardware_sync/sync.c.obj
                0x10000ef8                spin_lock_claim_unused
 .text.set_raw_irq_handler_and_unlock
                0x10000f18       0x28 CMakeFiles/swd_edr.dir/C_/Program_Files/Raspberry_Pi/Pico_SDK_v1.5.1/pico-sdk/src/rp2_common/hardware_irq/irq.c.obj
 .text.make_branch
                0x10000f40       0x48 CMakeFiles/swd_edr.dir/C_/Program_Files/Raspberry_Pi/Pico_SDK_v1.5.1/pico-sdk/src/rp2_common/hardware_irq/irq.c.obj
 .text.insert_branch_and_link
                0x10000f88       0x40 CMakeFiles/swd_edr.dir/C_/Program_Files/Raspberry_Pi/Pico_SDK_v1.5.1/pico-sdk/src/rp2_common/hardware_irq/irq.c.obj
 .text.irq_is_enabled
                0x10000fc8       0x18 CMakeFiles/swd_edr.dir/C_/Program_Files/Raspberry_Pi/Pico_SDK_v1.5.1/pico-sdk/src/rp2_common/hardware_irq/irq.c.obj
                0x10000fc8                irq_is_enabled
 .text.irq_set_mask_enabled
                0x10000fe0       0x20 CMakeFiles/swd_edr.dir/C_/Program_Files/Raspberry_Pi/Pico_SDK_v1.5.1/pico-sdk/src/rp2_common/hardware_irq/irq.c.obj
                0x10000fe0                irq_set_mask_enabled
 .text.irq_set_enabled
                0x10001000        0xe CMakeFiles/swd_edr.dir/C_/Program_Files/Raspberry_Pi/Pico_SDK_v1.5.1/pico-sdk/src/rp2_common/hardware_irq/irq.c.obj
                0x10001000                irq_set_enabled
 *fill*         0x1000100e        0x2 
 .text.irq_set_pending
                0x10001010       0x10 CMakeFiles/swd_edr.dir/C_/Program_Files/Raspberry_Pi/Pico_SDK_v1.5.1/pico-sdk/src/rp2_common/hardware_irq/irq.c.obj
                0x10001010                irq_set_pending
 .text.irq_get_vtable_handler
                0x10001020       0x10 CMakeFiles/swd_edr.dir/C_/Program_Files/Raspberry_Pi/Pico_SDK_v1.5.1/pico-sdk/src/rp2_common/hardware_irq/irq.c.obj
                0x10001020                irq_get_vtable_handler
 .text.irq_has_shared_handler
                0x10001030       0x24 CMakeFiles/swd_edr.dir/C_/Program_Files/Raspberry_Pi/Pico_SDK_v1.5.1/pico-sdk/src/rp2_common/hardware_irq/irq.c.obj
                0x10001030                irq_has_shared_handler
 .text.irq_set_exclusive_handler
                0x10001054       0x54 CMakeFiles/swd_edr.dir/C_/Program_Files/Raspberry_Pi/Pico_SDK_v1.5.1/pico-sdk/src/rp2_common/hardware_irq/irq.c.obj
                0x10001054                irq_set_exclusive_handler
 .text.irq_add_shared_handler
                0x100010a8      0x234 CMakeFiles/swd_edr.dir/C_/Program_Files/Raspberry_Pi/Pico_SDK_v1.5.1/pico-sdk/src/rp2_common/hardware_irq/irq.c.obj
                0x100010a8                irq_add_shared_handler
 .text.irq_remove_handler
                0x100012dc      0x1ac CMakeFiles/swd_edr.dir/C_/Program_Files/Raspberry_Pi/Pico_SDK_v1.5.1/pico-sdk/src/rp2_common/hardware_irq/irq.c.obj
                0x100012dc                irq_remove_handler
 .text.irq_add_tail_to_free_list
                0x10001488       0xf0 CMakeFiles/swd_edr.dir/C_/Program_Files/Raspberry_Pi/Pico_SDK_v1.5.1/pico-sdk/src/rp2_common/hardware_irq/irq.c.obj
                0x10001488                irq_add_tail_to_free_list
 .text.irq_init_priorities
                0x10001578       0x1c CMakeFiles/swd_edr.dir/C_/Program_Files/Raspberry_Pi/Pico_SDK_v1.5.1/pico-sdk/src/rp2_common/hardware_irq/irq.c.obj
                0x10001578                irq_init_priorities
 .text.user_irq_claim_unused
                0x10001594       0x28 CMakeFiles/swd_edr.dir/C_/Program_Files/Raspberry_Pi/Pico_SDK_v1.5.1/pico-sdk/src/rp2_common/hardware_irq/irq.c.obj
                0x10001594                user_irq_claim_unused
 .text.lock_init
                0x100015bc       0x10 CMakeFiles/swd_edr.dir/C_/Program_Files/Raspberry_Pi/Pico_SDK_v1.5.1/pico-sdk/src/common/pico_sync/lock_core.c.obj
                0x100015bc                lock_init
 .text.mutex_init
                0x100015cc       0x1a CMakeFiles/swd_edr.dir/C_/Program_Files/Raspberry_Pi/Pico_SDK_v1.5.1/pico-sdk/src/common/pico_sync/mutex.c.obj
                0x100015cc                mutex_init
 .text.recursive_mutex_init
                0x100015e6       0x1e CMakeFiles/swd_edr.dir/C_/Program_Files/Raspberry_Pi/Pico_SDK_v1.5.1/pico-sdk/src/common/pico_sync/mutex.c.obj
                0x100015e6                recursive_mutex_init
 .text.critical_section_init_with_lock_num
                0x10001604       0x14 CMakeFiles/swd_edr.dir/C_/Program_Files/Raspberry_Pi/Pico_SDK_v1.5.1/pico-sdk/src/common/pico_sync/critical_section.c.obj
                0x10001604                critical_section_init_with_lock_num
 .text.critical_section_init
                0x10001618       0x14 CMakeFiles/swd_edr.dir/C_/Program_Files/Raspberry_Pi/Pico_SDK_v1.5.1/pico-sdk/src/common/pico_sync/critical_section.c.obj
                0x10001618                critical_section_init
 .text.alarm_pool_post_alloc_init
                0x1000162c       0x40 CMakeFiles/swd_edr.dir/C_/Program_Files/Raspberry_Pi/Pico_SDK_v1.5.1/pico-sdk/src/common/pico_time/time.c.obj
 .text.sleep_until_callback
                0x1000166c       0x30 CMakeFiles/swd_edr.dir/C_/Program_Files/Raspberry_Pi/Pico_SDK_v1.5.1/pico-sdk/src/common/pico_time/time.c.obj
 .text.timer_pool_entry_comparator
                0x1000169c       0x7c CMakeFiles/swd_edr.dir/C_/Program_Files/Raspberry_Pi/Pico_SDK_v1.5.1/pico-sdk/src/common/pico_time/time.c.obj
                0x1000169c                timer_pool_entry_comparator
 .text.ph_add_child_node
                0x10001718       0xa4 CMakeFiles/swd_edr.dir/C_/Program_Files/Raspberry_Pi/Pico_SDK_v1.5.1/pico-sdk/src/common/pico_time/time.c.obj
 .text.ph_merge_nodes
                0x100017bc       0x3e CMakeFiles/swd_edr.dir/C_/Program_Files/Raspberry_Pi/Pico_SDK_v1.5.1/pico-sdk/src/common/pico_time/time.c.obj
 *fill*         0x100017fa        0x2 
 .text.add_alarm_under_lock
                0x100017fc      0x174 CMakeFiles/swd_edr.dir/C_/Program_Files/Raspberry_Pi/Pico_SDK_v1.5.1/pico-sdk/src/common/pico_time/time.c.obj
 .text.alarm_pool_alarm_callback
                0x10001970      0x33c CMakeFiles/swd_edr.dir/C_/Program_Files/Raspberry_Pi/Pico_SDK_v1.5.1/pico-sdk/src/common/pico_time/time.c.obj
 .text.alarm_pool_init_default
                0x10001cac       0x40 CMakeFiles/swd_edr.dir/C_/Program_Files/Raspberry_Pi/Pico_SDK_v1.5.1/pico-sdk/src/common/pico_time/time.c.obj
                0x10001cac                alarm_pool_init_default
 .text.alarm_pool_get_default
                0x10001cec       0x2c CMakeFiles/swd_edr.dir/C_/Program_Files/Raspberry_Pi/Pico_SDK_v1.5.1/pico-sdk/src/common/pico_time/time.c.obj
                0x10001cec                alarm_pool_get_default
 .text.alarm_pool_add_alarm_at
                0x10001d18      0x168 CMakeFiles/swd_edr.dir/C_/Program_Files/Raspberry_Pi/Pico_SDK_v1.5.1/pico-sdk/src/common/pico_time/time.c.obj
                0x10001d18                alarm_pool_add_alarm_at
 .text.alarm_pool_cancel_alarm
                0x10001e80       0xf8 CMakeFiles/swd_edr.dir/C_/Program_Files/Raspberry_Pi/Pico_SDK_v1.5.1/pico-sdk/src/common/pico_time/time.c.obj
                0x10001e80                alarm_pool_cancel_alarm
 .text.alarm_pool_core_num
                0x10001f78        0x4 CMakeFiles/swd_edr.dir/C_/Program_Files/Raspberry_Pi/Pico_SDK_v1.5.1/pico-sdk/src/common/pico_time/time.c.obj
                0x10001f78                alarm_pool_core_num
 .text.sleep_until
                0x10001f7c       0xfc CMakeFiles/swd_edr.dir/C_/Program_Files/Raspberry_Pi/Pico_SDK_v1.5.1/pico-sdk/src/common/pico_time/time.c.obj
                0x10001f7c                sleep_until
 .text.sleep_us
                0x10002078       0x58 CMakeFiles/swd_edr.dir/C_/Program_Files/Raspberry_Pi/Pico_SDK_v1.5.1/pico-sdk/src/common/pico_time/time.c.obj
                0x10002078                sleep_us
 .text.sleep_ms
                0x100020d0       0x14 CMakeFiles/swd_edr.dir/C_/Program_Files/Raspberry_Pi/Pico_SDK_v1.5.1/pico-sdk/src/common/pico_time/time.c.obj
                0x100020d0                sleep_ms
 .text.best_effort_wfe_or_timeout
                0x100020e4       0xac CMakeFiles/swd_edr.dir/C_/Program_Files/Raspberry_Pi/Pico_SDK_v1.5.1/pico-sdk/src/common/pico_time/time.c.obj
                0x100020e4                best_effort_wfe_or_timeout
 .text.hardware_alarm_irq_handler
                0x10002190       0x90 CMakeFiles/swd_edr.dir/C_/Program_Files/Raspberry_Pi/Pico_SDK_v1.5.1/pico-sdk/src/rp2_common/hardware_timer/timer.c.obj
 .text.hardware_alarm_claim
                0x10002220       0x18 CMakeFiles/swd_edr.dir/C_/Program_Files/Raspberry_Pi/Pico_SDK_v1.5.1/pico-sdk/src/rp2_common/hardware_timer/timer.c.obj
                0x10002220                hardware_alarm_claim
 .text.time_us_64
                0x10002238       0x18 CMakeFiles/swd_edr.dir/C_/Program_Files/Raspberry_Pi/Pico_SDK_v1.5.1/pico-sdk/src/rp2_common/hardware_timer/timer.c.obj
                0x10002238                time_us_64
 .text.busy_wait_until
                0x10002250       0x28 CMakeFiles/swd_edr.dir/C_/Program_Files/Raspberry_Pi/Pico_SDK_v1.5.1/pico-sdk/src/rp2_common/hardware_timer/timer.c.obj
                0x10002250                busy_wait_until
 .text.busy_wait_us
                0x10002278       0x48 CMakeFiles/swd_edr.dir/C_/Program_Files/Raspberry_Pi/Pico_SDK_v1.5.1/pico-sdk/src/rp2_common/hardware_timer/timer.c.obj
                0x10002278                busy_wait_us
 .text.hardware_alarm_set_callback
                0x100022c0       0x90 CMakeFiles/swd_edr.dir/C_/Program_Files/Raspberry_Pi/Pico_SDK_v1.5.1/pico-sdk/src/rp2_common/hardware_timer/timer.c.obj
                0x100022c0                hardware_alarm_set_callback
 .text.hardware_alarm_set_target
                0x10002350       0xe8 CMakeFiles/swd_edr.dir/C_/Program_Files/Raspberry_Pi/Pico_SDK_v1.5.1/pico-sdk/src/rp2_common/hardware_timer/timer.c.obj
                0x10002350                hardware_alarm_set_target
 .text.hardware_alarm_cancel
                0x10002438       0x40 CMakeFiles/swd_edr.dir/C_/Program_Files/Raspberry_Pi/Pico_SDK_v1.5.1/pico-sdk/src/rp2_common/hardware_timer/timer.c.obj
                0x10002438                hardware_alarm_cancel
 .text.ph_add_child_node
                0x10002478       0xa4 CMakeFiles/swd_edr.dir/C_/Program_Files/Raspberry_Pi/Pico_SDK_v1.5.1/pico-sdk/src/common/pico_util/pheap.c.obj
 .text.ph_merge_nodes
                0x1000251c       0x3e CMakeFiles/swd_edr.dir/C_/Program_Files/Raspberry_Pi/Pico_SDK_v1.5.1/pico-sdk/src/common/pico_util/pheap.c.obj
 *fill*         0x1000255a        0x2 
 .text.ph_clear
                0x1000255c       0x70 CMakeFiles/swd_edr.dir/C_/Program_Files/Raspberry_Pi/Pico_SDK_v1.5.1/pico-sdk/src/common/pico_util/pheap.c.obj
                0x1000255c                ph_clear
 .text.ph_post_alloc_init
                0x100025cc        0xe CMakeFiles/swd_edr.dir/C_/Program_Files/Raspberry_Pi/Pico_SDK_v1.5.1/pico-sdk/src/common/pico_util/pheap.c.obj
                0x100025cc                ph_post_alloc_init
 *fill*         0x100025da        0x2 
 .text.ph_merge_two_pass
                0x100025dc       0xa8 CMakeFiles/swd_edr.dir/C_/Program_Files/Raspberry_Pi/Pico_SDK_v1.5.1/pico-sdk/src/common/pico_util/pheap.c.obj
                0x100025dc                ph_merge_two_pass
 .text.ph_remove_any_head
                0x10002684      0x128 CMakeFiles/swd_edr.dir/C_/Program_Files/Raspberry_Pi/Pico_SDK_v1.5.1/pico-sdk/src/common/pico_util/pheap.c.obj
 .text.ph_remove_head
                0x100027ac       0x14 CMakeFiles/swd_edr.dir/C_/Program_Files/Raspberry_Pi/Pico_SDK_v1.5.1/pico-sdk/src/common/pico_util/pheap.c.obj
                0x100027ac                ph_remove_head
 .text.ph_remove_and_free_node
                0x100027c0       0xf8 CMakeFiles/swd_edr.dir/C_/Program_Files/Raspberry_Pi/Pico_SDK_v1.5.1/pico-sdk/src/common/pico_util/pheap.c.obj
                0x100027c0                ph_remove_and_free_node
 .text.clock_configure
                0x100028b8      0x108 CMakeFiles/swd_edr.dir/C_/Program_Files/Raspberry_Pi/Pico_SDK_v1.5.1/pico-sdk/src/rp2_common/hardware_clocks/clocks.c.obj
                0x100028b8                clock_configure
 .text.clocks_init
                0x100029c0      0x100 CMakeFiles/swd_edr.dir/C_/Program_Files/Raspberry_Pi/Pico_SDK_v1.5.1/pico-sdk/src/rp2_common/hardware_clocks/clocks.c.obj
                0x100029c0                clocks_init
 .text.pll_init
                0x10002ac0      0x120 CMakeFiles/swd_edr.dir/C_/Program_Files/Raspberry_Pi/Pico_SDK_v1.5.1/pico-sdk/src/rp2_common/hardware_pll/pll.c.obj
                0x10002ac0                pll_init
 .text.watchdog_start_tick
                0x10002be0       0x10 CMakeFiles/swd_edr.dir/C_/Program_Files/Raspberry_Pi/Pico_SDK_v1.5.1/pico-sdk/src/rp2_common/hardware_watchdog/watchdog.c.obj
                0x10002be0                watchdog_start_tick
 .text.watchdog_update
                0x10002bf0       0x14 CMakeFiles/swd_edr.dir/C_/Program_Files/Raspberry_Pi/Pico_SDK_v1.5.1/pico-sdk/src/rp2_common/hardware_watchdog/watchdog.c.obj
                0x10002bf0                watchdog_update
 .text._watchdog_enable
                0x10002c04       0x78 CMakeFiles/swd_edr.dir/C_/Program_Files/Raspberry_Pi/Pico_SDK_v1.5.1/pico-sdk/src/rp2_common/hardware_watchdog/watchdog.c.obj
                0x10002c04                _watchdog_enable
 .text.watchdog_reboot
                0x10002c7c       0x48 CMakeFiles/swd_edr.dir/C_/Program_Files/Raspberry_Pi/Pico_SDK_v1.5.1/pico-sdk/src/rp2_common/hardware_watchdog/watchdog.c.obj
                0x10002c7c                watchdog_reboot
 .text.xosc_init
                0x10002cc4       0x28 CMakeFiles/swd_edr.dir/C_/Program_Files/Raspberry_Pi/Pico_SDK_v1.5.1/pico-sdk/src/rp2_common/hardware_xosc/xosc.c.obj
                0x10002cc4                xosc_init
 .text._exit    0x10002cec        0x4 CMakeFiles/swd_edr.dir/C_/Program_Files/Raspberry_Pi/Pico_SDK_v1.5.1/pico-sdk/src/rp2_common/pico_runtime/runtime.c.obj
                0x10002cec                _exit
 .text._sbrk    0x10002cf0       0x38 CMakeFiles/swd_edr.dir/C_/Program_Files/Raspberry_Pi/Pico_SDK_v1.5.1/pico-sdk/src/rp2_common/pico_runtime/runtime.c.obj
                0x10002cf0                _sbrk
 .text.exit     0x10002d28        0x6 CMakeFiles/swd_edr.dir/C_/Program_Files/Raspberry_Pi/Pico_SDK_v1.5.1/pico-sdk/src/rp2_common/pico_runtime/runtime.c.obj
                0x10002d28                exit
 *fill*         0x10002d2e        0x2 
 .text.__assert_func
                0x10002d30       0x3c CMakeFiles/swd_edr.dir/C_/Program_Files/Raspberry_Pi/Pico_SDK_v1.5.1/pico-sdk/src/rp2_common/pico_runtime/runtime.c.obj
                0x10002d30                __assert_func
 .text.runtime_init
                0x10002d6c       0xf8 CMakeFiles/swd_edr.dir/C_/Program_Files/Raspberry_Pi/Pico_SDK_v1.5.1/pico-sdk/src/rp2_common/pico_runtime/runtime.c.obj
                0x10002d6c                runtime_init
 .text.panic    0x10002e64       0x30 CMakeFiles/swd_edr.dir/C_/Program_Files/Raspberry_Pi/Pico_SDK_v1.5.1/pico-sdk/src/rp2_common/pico_runtime/runtime.c.obj
                0x10002e64                panic
 .text._out_buffer
                0x10002e94        0x8 CMakeFiles/swd_edr.dir/C_/Program_Files/Raspberry_Pi/Pico_SDK_v1.5.1/pico-sdk/src/rp2_common/pico_printf/printf.c.obj
 .text._out_null
                0x10002e9c        0x2 CMakeFiles/swd_edr.dir/C_/Program_Files/Raspberry_Pi/Pico_SDK_v1.5.1/pico-sdk/src/rp2_common/pico_printf/printf.c.obj
 .text._out_fct
                0x10002e9e        0xe CMakeFiles/swd_edr.dir/C_/Program_Files/Raspberry_Pi/Pico_SDK_v1.5.1/pico-sdk/src/rp2_common/pico_printf/printf.c.obj
 .text._atoi    0x10002eac       0x24 CMakeFiles/swd_edr.dir/C_/Program_Files/Raspberry_Pi/Pico_SDK_v1.5.1/pico-sdk/src/rp2_common/pico_printf/printf.c.obj
 .text._out_rev
                0x10002ed0       0xae CMakeFiles/swd_edr.dir/C_/Program_Files/Raspberry_Pi/Pico_SDK_v1.5.1/pico-sdk/src/rp2_common/pico_printf/printf.c.obj
 .text._ntoa_format
                0x10002f7e      0x112 CMakeFiles/swd_edr.dir/C_/Program_Files/Raspberry_Pi/Pico_SDK_v1.5.1/pico-sdk/src/rp2_common/pico_printf/printf.c.obj
 .text._ntoa_long
                0x10003090       0xbc CMakeFiles/swd_edr.dir/C_/Program_Files/Raspberry_Pi/Pico_SDK_v1.5.1/pico-sdk/src/rp2_common/pico_printf/printf.c.obj
 .text._ntoa_long_long
                0x1000314c       0xe2 CMakeFiles/swd_edr.dir/C_/Program_Files/Raspberry_Pi/Pico_SDK_v1.5.1/pico-sdk/src/rp2_common/pico_printf/printf.c.obj
 *fill*         0x1000322e        0x2 
 .text._etoa    0x10003230      0x414 CMakeFiles/swd_edr.dir/C_/Program_Files/Raspberry_Pi/Pico_SDK_v1.5.1/pico-sdk/src/rp2_common/pico_printf/printf.c.obj
 .text._ftoa    0x10003644      0x354 CMakeFiles/swd_edr.dir/C_/Program_Files/Raspberry_Pi/Pico_SDK_v1.5.1/pico-sdk/src/rp2_common/pico_printf/printf.c.obj
 .text._vsnprintf
                0x10003998      0x624 CMakeFiles/swd_edr.dir/C_/Program_Files/Raspberry_Pi/Pico_SDK_v1.5.1/pico-sdk/src/rp2_common/pico_printf/printf.c.obj
 .text.__wrap_sprintf
                0x10003fbc       0x28 CMakeFiles/swd_edr.dir/C_/Program_Files/Raspberry_Pi/Pico_SDK_v1.5.1/pico-sdk/src/rp2_common/pico_printf/printf.c.obj
                0x10003fbc                __wrap_sprintf
 .text.vfctprintf
                0x10003fe4       0x20 CMakeFiles/swd_edr.dir/C_/Program_Files/Raspberry_Pi/Pico_SDK_v1.5.1/pico-sdk/src/rp2_common/pico_printf/printf.c.obj
                0x10003fe4                vfctprintf
 .text          0x10004004       0x10 CMakeFiles/swd_edr.dir/C_/Program_Files/Raspberry_Pi/Pico_SDK_v1.5.1/pico-sdk/src/rp2_common/pico_bit_ops/bit_ops_aeabi.S.obj
 .text.rom_func_lookup
                0x10004014       0x10 CMakeFiles/swd_edr.dir/C_/Program_Files/Raspberry_Pi/Pico_SDK_v1.5.1/pico-sdk/src/rp2_common/pico_bootrom/bootrom.c.obj
                0x10004014                rom_func_lookup
 .text.rom_data_lookup
                0x10004024       0x10 CMakeFiles/swd_edr.dir/C_/Program_Files/Raspberry_Pi/Pico_SDK_v1.5.1/pico-sdk/src/rp2_common/pico_bootrom/bootrom.c.obj
                0x10004024                rom_data_lookup
 .text.rom_funcs_lookup
                0x10004034       0x36 CMakeFiles/swd_edr.dir/C_/Program_Files/Raspberry_Pi/Pico_SDK_v1.5.1/pico-sdk/src/rp2_common/pico_bootrom/bootrom.c.obj
                0x10004034                rom_funcs_lookup
 *fill*         0x1000406a        0x2 
 .text.__wrap___aeabi_idiv
                0x1000406c       0x50 CMakeFiles/swd_edr.dir/C_/Program_Files/Raspberry_Pi/Pico_SDK_v1.5.1/pico-sdk/src/rp2_common/pico_divider/divider.S.obj
                0x1000406c                __wrap___aeabi_idivmod
                0x1000406c                divmod_s32s32
                0x1000406c                div_s32s32
                0x1000406c                __wrap___aeabi_idiv
                0x10004074                divmod_s32s32_unsafe
                0x100040a0                divmod_s32s32_savestate
 .text.__wrap___aeabi_uidiv
                0x100040bc       0x4c CMakeFiles/swd_edr.dir/C_/Program_Files/Raspberry_Pi/Pico_SDK_v1.5.1/pico-sdk/src/rp2_common/pico_divider/divider.S.obj
                0x100040bc                __wrap___aeabi_uidiv
                0x100040bc                __wrap___aeabi_uidivmod
                0x100040bc                div_u32u32
                0x100040bc                divmod_u32u32
                0x100040c4                divmod_u32u32_unsafe
                0x100040ec                divmod_u32u32_savestate
 .text.__wrap___aeabi_ldiv
                0x10004108      0x424 CMakeFiles/swd_edr.dir/C_/Program_Files/Raspberry_Pi/Pico_SDK_v1.5.1/pico-sdk/src/rp2_common/pico_divider/divider.S.obj
                0x10004108                div_s64s64
                0x10004108                divmod_s64s64
                0x10004108                __wrap___aeabi_ldivmod
                0x10004138                divmod_u64u64
                0x10004138                div_u64u64
                0x10004138                __wrap___aeabi_uldivmod
                0x10004148                divmod_u64u64_savestate
                0x10004168                divmod_s64s64_unsafe
                0x100041f0                divmod_u64u64_unsafe
 .text.__wrap___aeabi_darithmetic
                0x1000452c       0x60 CMakeFiles/swd_edr.dir/C_/Program_Files/Raspberry_Pi/Pico_SDK_v1.5.1/pico-sdk/src/rp2_common/pico_double/double_aeabi.S.obj
                0x1000452c                __wrap___aeabi_drsub
                0x10004532                __wrap___aeabi_dsub
                0x1000453c                __wrap___aeabi_dadd
                0x10004546                __wrap___aeabi_ddiv
                0x1000457a                __wrap___aeabi_dmul
 .text.__wrap___aeabi_cdcmple
                0x1000458c       0x6c CMakeFiles/swd_edr.dir/C_/Program_Files/Raspberry_Pi/Pico_SDK_v1.5.1/pico-sdk/src/rp2_common/pico_double/double_aeabi.S.obj
                0x1000458c                __wrap___aeabi_cdrcmple
                0x1000459c                __wrap___aeabi_cdcmpeq
                0x1000459c                __wrap___aeabi_cdcmple
 .text.__wrap___aeabi_dcmpeq
                0x100045f8       0x10 CMakeFiles/swd_edr.dir/C_/Program_Files/Raspberry_Pi/Pico_SDK_v1.5.1/pico-sdk/src/rp2_common/pico_double/double_aeabi.S.obj
                0x100045f8                __wrap___aeabi_dcmpeq
 .text.__wrap___aeabi_dcmplt
                0x10004608        0xc CMakeFiles/swd_edr.dir/C_/Program_Files/Raspberry_Pi/Pico_SDK_v1.5.1/pico-sdk/src/rp2_common/pico_double/double_aeabi.S.obj
                0x10004608                __wrap___aeabi_dcmplt
 .text.__wrap___aeabi_dcmple
                0x10004614       0x10 CMakeFiles/swd_edr.dir/C_/Program_Files/Raspberry_Pi/Pico_SDK_v1.5.1/pico-sdk/src/rp2_common/pico_double/double_aeabi.S.obj
                0x10004614                __wrap___aeabi_dcmple
 .text.__wrap___aeabi_dcmpge
                0x10004624       0x10 CMakeFiles/swd_edr.dir/C_/Program_Files/Raspberry_Pi/Pico_SDK_v1.5.1/pico-sdk/src/rp2_common/pico_double/double_aeabi.S.obj
                0x10004624                __wrap___aeabi_dcmpge
 .text.__wrap___aeabi_dcmpgt
                0x10004634        0xa CMakeFiles/swd_edr.dir/C_/Program_Files/Raspberry_Pi/Pico_SDK_v1.5.1/pico-sdk/src/rp2_common/pico_double/double_aeabi.S.obj
                0x10004634                __wrap___aeabi_dcmpgt
 .text.__wrap___aeabi_dcmpun
                0x1000463e       0x1c CMakeFiles/swd_edr.dir/C_/Program_Files/Raspberry_Pi/Pico_SDK_v1.5.1/pico-sdk/src/rp2_common/pico_double/double_aeabi.S.obj
                0x1000463e                __wrap___aeabi_dcmpun
 *fill*         0x1000465a        0x2 
 .text.__wrap___aeabi_i2d
                0x1000465c       0x38 CMakeFiles/swd_edr.dir/C_/Program_Files/Raspberry_Pi/Pico_SDK_v1.5.1/pico-sdk/src/rp2_common/pico_double/double_aeabi.S.obj
                0x1000465c                __wrap___aeabi_ui2d
                0x10004664                __wrap___aeabi_i2d
 .text.__wrap___aeabi_d2iz
                0x10004694       0x48 CMakeFiles/swd_edr.dir/C_/Program_Files/Raspberry_Pi/Pico_SDK_v1.5.1/pico-sdk/src/rp2_common/pico_double/double_aeabi.S.obj
                0x10004694                double2int_z
                0x10004694                __wrap___aeabi_d2iz
 .text.__wrap___aeabi_d2uiz
                0x100046dc       0x10 CMakeFiles/swd_edr.dir/C_/Program_Files/Raspberry_Pi/Pico_SDK_v1.5.1/pico-sdk/src/rp2_common/pico_double/double_aeabi.S.obj
                0x100046dc                __wrap___aeabi_d2uiz
                0x100046dc                double2uint
 .text.__wrap___aeabi_l2d
                0x100046ec       0x10 CMakeFiles/swd_edr.dir/C_/Program_Files/Raspberry_Pi/Pico_SDK_v1.5.1/pico-sdk/src/rp2_common/pico_double/double_aeabi.S.obj
                0x100046ec                __wrap___aeabi_l2d
 .text.__wrap___aeabi_d2lz
                0x100046fc       0x26 CMakeFiles/swd_edr.dir/C_/Program_Files/Raspberry_Pi/Pico_SDK_v1.5.1/pico-sdk/src/rp2_common/pico_double/double_aeabi.S.obj
                0x100046fc                double2int64_z
                0x100046fc                __wrap___aeabi_d2lz
 *fill*         0x10004722        0x2 
 .text.double2int64
                0x10004724       0x10 CMakeFiles/swd_edr.dir/C_/Program_Files/Raspberry_Pi/Pico_SDK_v1.5.1/pico-sdk/src/rp2_common/pico_double/double_aeabi.S.obj
                0x10004724                double2int64
 .text.double2ufix64
                0x10004734       0x10 CMakeFiles/swd_edr.dir/C_/Program_Files/Raspberry_Pi/Pico_SDK_v1.5.1/pico-sdk/src/rp2_common/pico_double/double_aeabi.S.obj
                0x10004734                double2ufix64
 .text.__wrap___aeabi_d2f
                0x10004744       0x10 CMakeFiles/swd_edr.dir/C_/Program_Files/Raspberry_Pi/Pico_SDK_v1.5.1/pico-sdk/src/rp2_common/pico_double/double_aeabi.S.obj
                0x10004744                __wrap___aeabi_d2f
 .text.missing_double_func_shim
                0x10004754        0xc CMakeFiles/swd_edr.dir/C_/Program_Files/Raspberry_Pi/Pico_SDK_v1.5.1/pico-sdk/src/rp2_common/pico_double/double_init_rom.c.obj
 .text.__aeabi_double_init
                0x10004760       0xcc CMakeFiles/swd_edr.dir/C_/Program_Files/Raspberry_Pi/Pico_SDK_v1.5.1/pico-sdk/src/rp2_common/pico_double/double_init_rom.c.obj
                0x10004760                __aeabi_double_init
 .text.double_table_shim_on_use_helper
                0x1000482c       0x34 CMakeFiles/swd_edr.dir/C_/Program_Files/Raspberry_Pi/Pico_SDK_v1.5.1/pico-sdk/src/rp2_common/pico_double/double_v1_rom_shim.S.obj
                0x1000482c                double_table_shim_on_use_helper
 .text.__aeabi_lmul
                0x10004860       0x32 CMakeFiles/swd_edr.dir/C_/Program_Files/Raspberry_Pi/Pico_SDK_v1.5.1/pico-sdk/src/rp2_common/pico_int64_ops/pico_int64_ops_aeabi.S.obj
                0x10004860                __wrap___aeabi_lmul
 *fill*         0x10004892        0x2 
 .text.missing_float_func_shim
                0x10004894        0xc CMakeFiles/swd_edr.dir/C_/Program_Files/Raspberry_Pi/Pico_SDK_v1.5.1/pico-sdk/src/rp2_common/pico_float/float_init_rom.c.obj
 .text.__aeabi_float_init
                0x100048a0       0x88 CMakeFiles/swd_edr.dir/C_/Program_Files/Raspberry_Pi/Pico_SDK_v1.5.1/pico-sdk/src/rp2_common/pico_float/float_init_rom.c.obj
                0x100048a0                __aeabi_float_init
 .text.__wrap_malloc
                0x10004928       0x24 CMakeFiles/swd_edr.dir/C_/Program_Files/Raspberry_Pi/Pico_SDK_v1.5.1/pico-sdk/src/rp2_common/pico_malloc/pico_malloc.c.obj
                0x10004928                __wrap_malloc
 .text.__wrap_realloc
                0x1000494c       0x24 CMakeFiles/swd_edr.dir/C_/Program_Files/Raspberry_Pi/Pico_SDK_v1.5.1/pico-sdk/src/rp2_common/pico_malloc/pico_malloc.c.obj
                0x1000494c                __wrap_realloc
 .text.__wrap_free
                0x10004970        0x8 CMakeFiles/swd_edr.dir/C_/Program_Files/Raspberry_Pi/Pico_SDK_v1.5.1/pico-sdk/src/rp2_common/pico_malloc/pico_malloc.c.obj
                0x10004970                __wrap_free
 .text          0x10004978       0x10 CMakeFiles/swd_edr.dir/C_/Program_Files/Raspberry_Pi/Pico_SDK_v1.5.1/pico-sdk/src/rp2_common/pico_mem_ops/mem_ops_aeabi.S.obj
                0x10004978                __aeabi_mem_init
 .text.memset   0x10004988        0xc CMakeFiles/swd_edr.dir/C_/Program_Files/Raspberry_Pi/Pico_SDK_v1.5.1/pico-sdk/src/rp2_common/pico_mem_ops/mem_ops_aeabi.S.obj
                0x10004988                __wrap_memset
 .text.memcpy   0x10004994        0xc CMakeFiles/swd_edr.dir/C_/Program_Files/Raspberry_Pi/Pico_SDK_v1.5.1/pico-sdk/src/rp2_common/pico_mem_ops/mem_ops_aeabi.S.obj
                0x10004994                __wrap_memcpy
                0x10004994                __wrap___aeabi_memcpy
 .text.stdio_out_chars_no_crlf
                0x100049a0        0xe CMakeFiles/swd_edr.dir/C_/Program_Files/Raspberry_Pi/Pico_SDK_v1.5.1/pico-sdk/src/rp2_common/pico_stdio/stdio.c.obj
 *fill*         0x100049ae        0x2 
 .text.stdio_out_chars_crlf
                0x100049b0       0x80 CMakeFiles/swd_edr.dir/C_/Program_Files/Raspberry_Pi/Pico_SDK_v1.5.1/pico-sdk/src/rp2_common/pico_stdio/stdio.c.obj
 .text.stdio_stack_buffer_flush
                0x10004a30       0x44 CMakeFiles/swd_edr.dir/C_/Program_Files/Raspberry_Pi/Pico_SDK_v1.5.1/pico-sdk/src/rp2_common/pico_stdio/stdio.c.obj
 .text.stdio_buffered_printer
                0x10004a74       0x20 CMakeFiles/swd_edr.dir/C_/Program_Files/Raspberry_Pi/Pico_SDK_v1.5.1/pico-sdk/src/rp2_common/pico_stdio/stdio.c.obj
 .text.stdio_get_until
                0x10004a94       0x80 CMakeFiles/swd_edr.dir/C_/Program_Files/Raspberry_Pi/Pico_SDK_v1.5.1/pico-sdk/src/rp2_common/pico_stdio/stdio.c.obj
 .text.stdout_serialize_begin
                0x10004b14       0x5c CMakeFiles/swd_edr.dir/C_/Program_Files/Raspberry_Pi/Pico_SDK_v1.5.1/pico-sdk/src/rp2_common/pico_stdio/stdio.c.obj
                0x10004b14                stdout_serialize_begin
 .text.stdout_serialize_end
                0x10004b70       0x10 CMakeFiles/swd_edr.dir/C_/Program_Files/Raspberry_Pi/Pico_SDK_v1.5.1/pico-sdk/src/rp2_common/pico_stdio/stdio.c.obj
                0x10004b70                stdout_serialize_end
 .text.stdio_put_string
                0x10004b80       0x98 CMakeFiles/swd_edr.dir/C_/Program_Files/Raspberry_Pi/Pico_SDK_v1.5.1/pico-sdk/src/rp2_common/pico_stdio/stdio.c.obj
 .text.__wrap_putchar
                0x10004c18       0x1c CMakeFiles/swd_edr.dir/C_/Program_Files/Raspberry_Pi/Pico_SDK_v1.5.1/pico-sdk/src/rp2_common/pico_stdio/stdio.c.obj
                0x10004c18                __wrap_putchar
 .text._read    0x10004c34       0x24 CMakeFiles/swd_edr.dir/C_/Program_Files/Raspberry_Pi/Pico_SDK_v1.5.1/pico-sdk/src/rp2_common/pico_stdio/stdio.c.obj
                0x10004c34                _read
 .text._write   0x10004c58       0x22 CMakeFiles/swd_edr.dir/C_/Program_Files/Raspberry_Pi/Pico_SDK_v1.5.1/pico-sdk/src/rp2_common/pico_stdio/stdio.c.obj
                0x10004c58                _write
 .text._close   0x10004c7a        0x6 CMakeFiles/swd_edr.dir/C_/Program_Files/Raspberry_Pi/Pico_SDK_v1.5.1/pico-sdk/src/rp2_common/pico_stdio/stdio.c.obj
                0x10004c7a                _close
 .text._lseek   0x10004c80        0x6 CMakeFiles/swd_edr.dir/C_/Program_Files/Raspberry_Pi/Pico_SDK_v1.5.1/pico-sdk/src/rp2_common/pico_stdio/stdio.c.obj
                0x10004c80                _lseek
 .text._fstat   0x10004c86        0x6 CMakeFiles/swd_edr.dir/C_/Program_Files/Raspberry_Pi/Pico_SDK_v1.5.1/pico-sdk/src/rp2_common/pico_stdio/stdio.c.obj
                0x10004c86                _fstat
 .text._isatty  0x10004c8c        0xc CMakeFiles/swd_edr.dir/C_/Program_Files/Raspberry_Pi/Pico_SDK_v1.5.1/pico-sdk/src/rp2_common/pico_stdio/stdio.c.obj
                0x10004c8c                _isatty
 .text.stdio_set_driver_enabled
                0x10004c98       0x2c CMakeFiles/swd_edr.dir/C_/Program_Files/Raspberry_Pi/Pico_SDK_v1.5.1/pico-sdk/src/rp2_common/pico_stdio/stdio.c.obj
                0x10004c98                stdio_set_driver_enabled
 .text.stdio_flush
                0x10004cc4       0x20 CMakeFiles/swd_edr.dir/C_/Program_Files/Raspberry_Pi/Pico_SDK_v1.5.1/pico-sdk/src/rp2_common/pico_stdio/stdio.c.obj
                0x10004cc4                stdio_flush
 .text.__wrap_puts
                0x10004ce4       0x1e CMakeFiles/swd_edr.dir/C_/Program_Files/Raspberry_Pi/Pico_SDK_v1.5.1/pico-sdk/src/rp2_common/pico_stdio/stdio.c.obj
                0x10004ce4                __wrap_puts
 *fill*         0x10004d02        0x2 
 .text.__wrap_vprintf
                0x10004d04       0x40 CMakeFiles/swd_edr.dir/C_/Program_Files/Raspberry_Pi/Pico_SDK_v1.5.1/pico-sdk/src/rp2_common/pico_stdio/stdio.c.obj
                0x10004d04                __wrap_vprintf
 .text.__wrap_printf
                0x10004d44       0x18 CMakeFiles/swd_edr.dir/C_/Program_Files/Raspberry_Pi/Pico_SDK_v1.5.1/pico-sdk/src/rp2_common/pico_stdio/stdio.c.obj
                0x10004d44                __wrap_printf
 .text.stdio_init_all
                0x10004d5c        0x8 CMakeFiles/swd_edr.dir/C_/Program_Files/Raspberry_Pi/Pico_SDK_v1.5.1/pico-sdk/src/rp2_common/pico_stdio/stdio.c.obj
                0x10004d5c                stdio_init_all
 .text.resetd_init
                0x10004d64        0x2 CMakeFiles/swd_edr.dir/C_/Program_Files/Raspberry_Pi/Pico_SDK_v1.5.1/pico-sdk/src/rp2_common/pico_stdio_usb/reset_interface.c.obj
 *fill*         0x10004d66        0x2 
 .text.resetd_reset
                0x10004d68        0xc CMakeFiles/swd_edr.dir/C_/Program_Files/Raspberry_Pi/Pico_SDK_v1.5.1/pico-sdk/src/rp2_common/pico_stdio_usb/reset_interface.c.obj
 .text.resetd_open
                0x10004d74       0x34 CMakeFiles/swd_edr.dir/C_/Program_Files/Raspberry_Pi/Pico_SDK_v1.5.1/pico-sdk/src/rp2_common/pico_stdio_usb/reset_interface.c.obj
 .text.resetd_xfer_cb
                0x10004da8        0x4 CMakeFiles/swd_edr.dir/C_/Program_Files/Raspberry_Pi/Pico_SDK_v1.5.1/pico-sdk/src/rp2_common/pico_stdio_usb/reset_interface.c.obj
 .text.reset_usb_boot
                0x10004dac       0x18 CMakeFiles/swd_edr.dir/C_/Program_Files/Raspberry_Pi/Pico_SDK_v1.5.1/pico-sdk/src/rp2_common/pico_stdio_usb/reset_interface.c.obj
 .text.resetd_control_xfer_cb
                0x10004dc4       0x5c CMakeFiles/swd_edr.dir/C_/Program_Files/Raspberry_Pi/Pico_SDK_v1.5.1/pico-sdk/src/rp2_common/pico_stdio_usb/reset_interface.c.obj
 .text.usbd_app_driver_get_cb
                0x10004e20        0xc CMakeFiles/swd_edr.dir/C_/Program_Files/Raspberry_Pi/Pico_SDK_v1.5.1/pico-sdk/src/rp2_common/pico_stdio_usb/reset_interface.c.obj
                0x10004e20                usbd_app_driver_get_cb
 .text.tud_cdc_line_coding_cb
                0x10004e2c       0x28 CMakeFiles/swd_edr.dir/C_/Program_Files/Raspberry_Pi/Pico_SDK_v1.5.1/pico-sdk/src/rp2_common/pico_stdio_usb/reset_interface.c.obj
                0x10004e2c                tud_cdc_line_coding_cb
 .text.stdio_usb_set_chars_available_callback
                0x10004e54       0x14 CMakeFiles/swd_edr.dir/C_/Program_Files/Raspberry_Pi/Pico_SDK_v1.5.1/pico-sdk/src/rp2_common/pico_stdio_usb/stdio_usb.c.obj
                0x10004e54                stdio_usb_set_chars_available_callback
 .text.usb_irq  0x10004e68       0x10 CMakeFiles/swd_edr.dir/C_/Program_Files/Raspberry_Pi/Pico_SDK_v1.5.1/pico-sdk/src/rp2_common/pico_stdio_usb/stdio_usb.c.obj
 .text.timer_task
                0x10004e78       0x5c CMakeFiles/swd_edr.dir/C_/Program_Files/Raspberry_Pi/Pico_SDK_v1.5.1/pico-sdk/src/rp2_common/pico_stdio_usb/stdio_usb.c.obj
 .text.low_priority_worker_irq
                0x10004ed4       0xdc CMakeFiles/swd_edr.dir/C_/Program_Files/Raspberry_Pi/Pico_SDK_v1.5.1/pico-sdk/src/rp2_common/pico_stdio_usb/stdio_usb.c.obj
 .text.tud_cdc_rx_cb
                0x10004fb0       0x20 CMakeFiles/swd_edr.dir/C_/Program_Files/Raspberry_Pi/Pico_SDK_v1.5.1/pico-sdk/src/rp2_common/pico_stdio_usb/stdio_usb.c.obj
                0x10004fb0                tud_cdc_rx_cb
 .text.stdio_usb_init
                0x10004fd0      0x11c CMakeFiles/swd_edr.dir/C_/Program_Files/Raspberry_Pi/Pico_SDK_v1.5.1/pico-sdk/src/rp2_common/pico_stdio_usb/stdio_usb.c.obj
                0x10004fd0                stdio_usb_init
 .text.stdio_usb_connected
                0x100050ec        0xa CMakeFiles/swd_edr.dir/C_/Program_Files/Raspberry_Pi/Pico_SDK_v1.5.1/pico-sdk/src/rp2_common/pico_stdio_usb/stdio_usb.c.obj
                0x100050ec                stdio_usb_connected
 *fill*         0x100050f6        0x2 
 .text.stdio_usb_in_chars
                0x100050f8       0xc4 CMakeFiles/swd_edr.dir/C_/Program_Files/Raspberry_Pi/Pico_SDK_v1.5.1/pico-sdk/src/rp2_common/pico_stdio_usb/stdio_usb.c.obj
                0x100050f8                stdio_usb_in_chars
 .text.stdio_usb_out_chars
                0x100051bc      0x114 CMakeFiles/swd_edr.dir/C_/Program_Files/Raspberry_Pi/Pico_SDK_v1.5.1/pico-sdk/src/rp2_common/pico_stdio_usb/stdio_usb.c.obj
 .text.tud_descriptor_device_cb
                0x100052d0        0x8 CMakeFiles/swd_edr.dir/C_/Program_Files/Raspberry_Pi/Pico_SDK_v1.5.1/pico-sdk/src/rp2_common/pico_stdio_usb/stdio_usb_descriptors.c.obj
                0x100052d0                tud_descriptor_device_cb
 .text.tud_descriptor_configuration_cb
                0x100052d8        0x8 CMakeFiles/swd_edr.dir/C_/Program_Files/Raspberry_Pi/Pico_SDK_v1.5.1/pico-sdk/src/rp2_common/pico_stdio_usb/stdio_usb_descriptors.c.obj
                0x100052d8                tud_descriptor_configuration_cb
 .text.tud_descriptor_string_cb
                0x100052e0       0x6c CMakeFiles/swd_edr.dir/C_/Program_Files/Raspberry_Pi/Pico_SDK_v1.5.1/pico-sdk/src/rp2_common/pico_stdio_usb/stdio_usb_descriptors.c.obj
                0x100052e0                tud_descriptor_string_cb
 .text._retrieve_unique_id_on_boot
                0x1000534c       0x10 CMakeFiles/swd_edr.dir/C_/Program_Files/Raspberry_Pi/Pico_SDK_v1.5.1/pico-sdk/src/rp2_common/pico_unique_id/unique_id.c.obj
 .text.pico_get_unique_board_id_string
                0x1000535c       0x60 CMakeFiles/swd_edr.dir/C_/Program_Files/Raspberry_Pi/Pico_SDK_v1.5.1/pico-sdk/src/rp2_common/pico_unique_id/unique_id.c.obj
                0x1000535c                pico_get_unique_board_id_string
 .text.flash_get_unique_id
                0x100053bc       0x46 CMakeFiles/swd_edr.dir/C_/Program_Files/Raspberry_Pi/Pico_SDK_v1.5.1/pico-sdk/src/rp2_common/hardware_flash/flash.c.obj
                0x100053bc                flash_get_unique_id
 *fill*         0x10005402        0x2 
 .text.hw_endpoint_get_by_addr
                0x10005404       0x18 CMakeFiles/swd_edr.dir/C_/Program_Files/Raspberry_Pi/Pico_SDK_v1.5.1/pico-sdk/lib/tinyusb/src/portable/raspberrypi/rp2040/dcd_rp2040.c.obj
 .text._hw_endpoint_alloc
                0x1000541c       0x70 CMakeFiles/swd_edr.dir/C_/Program_Files/Raspberry_Pi/Pico_SDK_v1.5.1/pico-sdk/lib/tinyusb/src/portable/raspberrypi/rp2040/dcd_rp2040.c.obj
 .text.hw_endpoint_init
                0x1000548c       0x88 CMakeFiles/swd_edr.dir/C_/Program_Files/Raspberry_Pi/Pico_SDK_v1.5.1/pico-sdk/lib/tinyusb/src/portable/raspberrypi/rp2040/dcd_rp2040.c.obj
 .text.hw_endpoint_xfer
                0x10005514       0x14 CMakeFiles/swd_edr.dir/C_/Program_Files/Raspberry_Pi/Pico_SDK_v1.5.1/pico-sdk/lib/tinyusb/src/portable/raspberrypi/rp2040/dcd_rp2040.c.obj
 .text.dcd_int_enable
                0x10005528       0x2c CMakeFiles/swd_edr.dir/C_/Program_Files/Raspberry_Pi/Pico_SDK_v1.5.1/pico-sdk/lib/tinyusb/src/portable/raspberrypi/rp2040/dcd_rp2040.c.obj
                0x10005528                dcd_int_enable
 .text.dcd_set_address
                0x10005554       0x2c CMakeFiles/swd_edr.dir/C_/Program_Files/Raspberry_Pi/Pico_SDK_v1.5.1/pico-sdk/lib/tinyusb/src/portable/raspberrypi/rp2040/dcd_rp2040.c.obj
                0x10005554                dcd_set_address
 .text.dcd_connect
                0x10005580       0x10 CMakeFiles/swd_edr.dir/C_/Program_Files/Raspberry_Pi/Pico_SDK_v1.5.1/pico-sdk/lib/tinyusb/src/portable/raspberrypi/rp2040/dcd_rp2040.c.obj
                0x10005580                dcd_connect
 .text.dcd_init
                0x10005590       0x80 CMakeFiles/swd_edr.dir/C_/Program_Files/Raspberry_Pi/Pico_SDK_v1.5.1/pico-sdk/lib/tinyusb/src/portable/raspberrypi/rp2040/dcd_rp2040.c.obj
                0x10005590                dcd_init
 .text.dcd_edpt0_status_complete
                0x10005610       0x1c CMakeFiles/swd_edr.dir/C_/Program_Files/Raspberry_Pi/Pico_SDK_v1.5.1/pico-sdk/lib/tinyusb/src/portable/raspberrypi/rp2040/dcd_rp2040.c.obj
                0x10005610                dcd_edpt0_status_complete
 .text.dcd_edpt_open
                0x1000562c       0x40 CMakeFiles/swd_edr.dir/C_/Program_Files/Raspberry_Pi/Pico_SDK_v1.5.1/pico-sdk/lib/tinyusb/src/portable/raspberrypi/rp2040/dcd_rp2040.c.obj
                0x1000562c                dcd_edpt_open
 .text.dcd_edpt_close_all
                0x1000566c        0x8 CMakeFiles/swd_edr.dir/C_/Program_Files/Raspberry_Pi/Pico_SDK_v1.5.1/pico-sdk/lib/tinyusb/src/portable/raspberrypi/rp2040/dcd_rp2040.c.obj
                0x1000566c                dcd_edpt_close_all
 .text.dcd_edpt_xfer
                0x10005674       0x34 CMakeFiles/swd_edr.dir/C_/Program_Files/Raspberry_Pi/Pico_SDK_v1.5.1/pico-sdk/lib/tinyusb/src/portable/raspberrypi/rp2040/dcd_rp2040.c.obj
                0x10005674                dcd_edpt_xfer
 .text.dcd_edpt_stall
                0x100056a8       0x2c CMakeFiles/swd_edr.dir/C_/Program_Files/Raspberry_Pi/Pico_SDK_v1.5.1/pico-sdk/lib/tinyusb/src/portable/raspberrypi/rp2040/dcd_rp2040.c.obj
                0x100056a8                dcd_edpt_stall
 .text.dcd_edpt_clear_stall
                0x100056d4       0x20 CMakeFiles/swd_edr.dir/C_/Program_Files/Raspberry_Pi/Pico_SDK_v1.5.1/pico-sdk/lib/tinyusb/src/portable/raspberrypi/rp2040/dcd_rp2040.c.obj
                0x100056d4                dcd_edpt_clear_stall
 .text.rp2040_usb_init
                0x100056f4       0x4c CMakeFiles/swd_edr.dir/C_/Program_Files/Raspberry_Pi/Pico_SDK_v1.5.1/pico-sdk/lib/tinyusb/src/portable/raspberrypi/rp2040/rp2040_usb.c.obj
                0x100056f4                rp2040_usb_init
 .text.hw_endpoint_xfer_start
                0x10005740       0x50 CMakeFiles/swd_edr.dir/C_/Program_Files/Raspberry_Pi/Pico_SDK_v1.5.1/pico-sdk/lib/tinyusb/src/portable/raspberrypi/rp2040/rp2040_usb.c.obj
                0x10005740                hw_endpoint_xfer_start
 .text.configuration_reset
                0x10005790       0x84 CMakeFiles/swd_edr.dir/C_/Program_Files/Raspberry_Pi/Pico_SDK_v1.5.1/pico-sdk/lib/tinyusb/src/device/usbd.c.obj
 .text.usbd_reset
                0x10005814        0xc CMakeFiles/swd_edr.dir/C_/Program_Files/Raspberry_Pi/Pico_SDK_v1.5.1/pico-sdk/lib/tinyusb/src/device/usbd.c.obj
 .text.invoke_class_control
                0x10005820       0x1a CMakeFiles/swd_edr.dir/C_/Program_Files/Raspberry_Pi/Pico_SDK_v1.5.1/pico-sdk/lib/tinyusb/src/device/usbd.c.obj
 *fill*         0x1000583a        0x2 
 .text.process_set_config
                0x1000583c      0x178 CMakeFiles/swd_edr.dir/C_/Program_Files/Raspberry_Pi/Pico_SDK_v1.5.1/pico-sdk/lib/tinyusb/src/device/usbd.c.obj
 .text.process_get_descriptor
                0x100059b4       0xdc CMakeFiles/swd_edr.dir/C_/Program_Files/Raspberry_Pi/Pico_SDK_v1.5.1/pico-sdk/lib/tinyusb/src/device/usbd.c.obj
 .text.tud_mounted
                0x10005a90       0x10 CMakeFiles/swd_edr.dir/C_/Program_Files/Raspberry_Pi/Pico_SDK_v1.5.1/pico-sdk/lib/tinyusb/src/device/usbd.c.obj
                0x10005a90                tud_mounted
 .text.tud_suspended
                0x10005aa0       0x10 CMakeFiles/swd_edr.dir/C_/Program_Files/Raspberry_Pi/Pico_SDK_v1.5.1/pico-sdk/lib/tinyusb/src/device/usbd.c.obj
                0x10005aa0                tud_suspended
 .text.tud_inited
                0x10005ab0       0x14 CMakeFiles/swd_edr.dir/C_/Program_Files/Raspberry_Pi/Pico_SDK_v1.5.1/pico-sdk/lib/tinyusb/src/device/usbd.c.obj
                0x10005ab0                tud_inited
 .text.tud_init
                0x10005ac4       0xcc CMakeFiles/swd_edr.dir/C_/Program_Files/Raspberry_Pi/Pico_SDK_v1.5.1/pico-sdk/lib/tinyusb/src/device/usbd.c.obj
                0x10005ac4                tud_init
 .text.usbd_defer_func
                0x10005b90       0x2a CMakeFiles/swd_edr.dir/C_/Program_Files/Raspberry_Pi/Pico_SDK_v1.5.1/pico-sdk/lib/tinyusb/src/device/usbd.c.obj
                0x10005b90                usbd_defer_func
 *fill*         0x10005bba        0x2 
 .text.usbd_edpt_open
                0x10005bbc       0x34 CMakeFiles/swd_edr.dir/C_/Program_Files/Raspberry_Pi/Pico_SDK_v1.5.1/pico-sdk/lib/tinyusb/src/device/usbd.c.obj
                0x10005bbc                usbd_edpt_open
 .text.usbd_open_edpt_pair
                0x10005bf0       0x62 CMakeFiles/swd_edr.dir/C_/Program_Files/Raspberry_Pi/Pico_SDK_v1.5.1/pico-sdk/lib/tinyusb/src/device/usbd.c.obj
                0x10005bf0                usbd_open_edpt_pair
 *fill*         0x10005c52        0x2 
 .text.usbd_edpt_claim
                0x10005c54       0x28 CMakeFiles/swd_edr.dir/C_/Program_Files/Raspberry_Pi/Pico_SDK_v1.5.1/pico-sdk/lib/tinyusb/src/device/usbd.c.obj
                0x10005c54                usbd_edpt_claim
 .text.usbd_edpt_release
                0x10005c7c       0x28 CMakeFiles/swd_edr.dir/C_/Program_Files/Raspberry_Pi/Pico_SDK_v1.5.1/pico-sdk/lib/tinyusb/src/device/usbd.c.obj
                0x10005c7c                usbd_edpt_release
 .text.usbd_edpt_xfer
                0x10005ca4       0x78 CMakeFiles/swd_edr.dir/C_/Program_Files/Raspberry_Pi/Pico_SDK_v1.5.1/pico-sdk/lib/tinyusb/src/device/usbd.c.obj
                0x10005ca4                usbd_edpt_xfer
 .text.usbd_edpt_stall
                0x10005d1c       0x48 CMakeFiles/swd_edr.dir/C_/Program_Files/Raspberry_Pi/Pico_SDK_v1.5.1/pico-sdk/lib/tinyusb/src/device/usbd.c.obj
                0x10005d1c                usbd_edpt_stall
 .text.usbd_edpt_clear_stall
                0x10005d64       0x48 CMakeFiles/swd_edr.dir/C_/Program_Files/Raspberry_Pi/Pico_SDK_v1.5.1/pico-sdk/lib/tinyusb/src/device/usbd.c.obj
                0x10005d64                usbd_edpt_clear_stall
 .text.usbd_edpt_stalled
                0x10005dac       0x1c CMakeFiles/swd_edr.dir/C_/Program_Files/Raspberry_Pi/Pico_SDK_v1.5.1/pico-sdk/lib/tinyusb/src/device/usbd.c.obj
                0x10005dac                usbd_edpt_stalled
 .text.process_control_request
                0x10005dc8      0x37c CMakeFiles/swd_edr.dir/C_/Program_Files/Raspberry_Pi/Pico_SDK_v1.5.1/pico-sdk/lib/tinyusb/src/device/usbd.c.obj
 .text.tud_task_ext
                0x10006144      0x1b8 CMakeFiles/swd_edr.dir/C_/Program_Files/Raspberry_Pi/Pico_SDK_v1.5.1/pico-sdk/lib/tinyusb/src/device/usbd.c.obj
                0x10006144                tud_task_ext
 .text._data_stage_xact
                0x100062fc       0x58 CMakeFiles/swd_edr.dir/C_/Program_Files/Raspberry_Pi/Pico_SDK_v1.5.1/pico-sdk/lib/tinyusb/src/device/usbd_control.c.obj
 .text.tud_control_status
                0x10006354       0x38 CMakeFiles/swd_edr.dir/C_/Program_Files/Raspberry_Pi/Pico_SDK_v1.5.1/pico-sdk/lib/tinyusb/src/device/usbd_control.c.obj
                0x10006354                tud_control_status
 .text.tud_control_xfer
                0x1000638c       0x74 CMakeFiles/swd_edr.dir/C_/Program_Files/Raspberry_Pi/Pico_SDK_v1.5.1/pico-sdk/lib/tinyusb/src/device/usbd_control.c.obj
                0x1000638c                tud_control_xfer
 .text.usbd_control_reset
                0x10006400       0x14 CMakeFiles/swd_edr.dir/C_/Program_Files/Raspberry_Pi/Pico_SDK_v1.5.1/pico-sdk/lib/tinyusb/src/device/usbd_control.c.obj
                0x10006400                usbd_control_reset
 .text.usbd_control_set_complete_callback
                0x10006414        0xc CMakeFiles/swd_edr.dir/C_/Program_Files/Raspberry_Pi/Pico_SDK_v1.5.1/pico-sdk/lib/tinyusb/src/device/usbd_control.c.obj
                0x10006414                usbd_control_set_complete_callback
 .text.usbd_control_set_request
                0x10006420       0x1c CMakeFiles/swd_edr.dir/C_/Program_Files/Raspberry_Pi/Pico_SDK_v1.5.1/pico-sdk/lib/tinyusb/src/device/usbd_control.c.obj
                0x10006420                usbd_control_set_request
 .text.usbd_control_xfer_cb
                0x1000643c       0xcc CMakeFiles/swd_edr.dir/C_/Program_Files/Raspberry_Pi/Pico_SDK_v1.5.1/pico-sdk/lib/tinyusb/src/device/usbd_control.c.obj
                0x1000643c                usbd_control_xfer_cb
 .text._prep_out_transaction
                0x10006508       0x4a CMakeFiles/swd_edr.dir/C_/Program_Files/Raspberry_Pi/Pico_SDK_v1.5.1/pico-sdk/lib/tinyusb/src/class/cdc/cdc_device.c.obj
 *fill*         0x10006552        0x2 
 .text.tud_cdc_n_connected
                0x10006554       0x44 CMakeFiles/swd_edr.dir/C_/Program_Files/Raspberry_Pi/Pico_SDK_v1.5.1/pico-sdk/lib/tinyusb/src/class/cdc/cdc_device.c.obj
                0x10006554                tud_cdc_n_connected
 .text.tud_cdc_n_available
                0x10006598       0x18 CMakeFiles/swd_edr.dir/C_/Program_Files/Raspberry_Pi/Pico_SDK_v1.5.1/pico-sdk/lib/tinyusb/src/class/cdc/cdc_device.c.obj
                0x10006598                tud_cdc_n_available
 .text.tud_cdc_n_read
                0x100065b0       0x28 CMakeFiles/swd_edr.dir/C_/Program_Files/Raspberry_Pi/Pico_SDK_v1.5.1/pico-sdk/lib/tinyusb/src/class/cdc/cdc_device.c.obj
                0x100065b0                tud_cdc_n_read
 .text.tud_cdc_n_write_flush
                0x100065d8       0xb8 CMakeFiles/swd_edr.dir/C_/Program_Files/Raspberry_Pi/Pico_SDK_v1.5.1/pico-sdk/lib/tinyusb/src/class/cdc/cdc_device.c.obj
                0x100065d8                tud_cdc_n_write_flush
 .text.tud_cdc_n_write
                0x10006690       0x38 CMakeFiles/swd_edr.dir/C_/Program_Files/Raspberry_Pi/Pico_SDK_v1.5.1/pico-sdk/lib/tinyusb/src/class/cdc/cdc_device.c.obj
                0x10006690                tud_cdc_n_write
 .text.tud_cdc_n_write_available
                0x100066c8       0x1c CMakeFiles/swd_edr.dir/C_/Program_Files/Raspberry_Pi/Pico_SDK_v1.5.1/pico-sdk/lib/tinyusb/src/class/cdc/cdc_device.c.obj
                0x100066c8                tud_cdc_n_write_available
 .text.cdcd_init
                0x100066e4       0xbc CMakeFiles/swd_edr.dir/C_/Program_Files/Raspberry_Pi/Pico_SDK_v1.5.1/pico-sdk/lib/tinyusb/src/class/cdc/cdc_device.c.obj
                0x100066e4                cdcd_init
 .text.cdcd_reset
                0x100067a0       0x44 CMakeFiles/swd_edr.dir/C_/Program_Files/Raspberry_Pi/Pico_SDK_v1.5.1/pico-sdk/lib/tinyusb/src/class/cdc/cdc_device.c.obj
                0x100067a0                cdcd_reset
 .text.cdcd_open
                0x100067e4       0xcc CMakeFiles/swd_edr.dir/C_/Program_Files/Raspberry_Pi/Pico_SDK_v1.5.1/pico-sdk/lib/tinyusb/src/class/cdc/cdc_device.c.obj
                0x100067e4                cdcd_open
 .text.cdcd_control_xfer_cb
                0x100068b0      0x134 CMakeFiles/swd_edr.dir/C_/Program_Files/Raspberry_Pi/Pico_SDK_v1.5.1/pico-sdk/lib/tinyusb/src/class/cdc/cdc_device.c.obj
                0x100068b0                cdcd_control_xfer_cb
 .text.cdcd_xfer_cb
                0x100069e4      0x130 CMakeFiles/swd_edr.dir/C_/Program_Files/Raspberry_Pi/Pico_SDK_v1.5.1/pico-sdk/lib/tinyusb/src/class/cdc/cdc_device.c.obj
                0x100069e4                cdcd_xfer_cb
 .text.tusb_init
                0x10006b14        0xa CMakeFiles/swd_edr.dir/C_/Program_Files/Raspberry_Pi/Pico_SDK_v1.5.1/pico-sdk/lib/tinyusb/src/tusb.c.obj
                0x10006b14                tusb_init
 .text.tusb_inited
                0x10006b1e        0xe CMakeFiles/swd_edr.dir/C_/Program_Files/Raspberry_Pi/Pico_SDK_v1.5.1/pico-sdk/lib/tinyusb/src/tusb.c.obj
                0x10006b1e                tusb_inited
 .text.tu_edpt_claim
                0x10006b2c       0x50 CMakeFiles/swd_edr.dir/C_/Program_Files/Raspberry_Pi/Pico_SDK_v1.5.1/pico-sdk/lib/tinyusb/src/tusb.c.obj
                0x10006b2c                tu_edpt_claim
 .text.tu_edpt_release
                0x10006b7c       0x3c CMakeFiles/swd_edr.dir/C_/Program_Files/Raspberry_Pi/Pico_SDK_v1.5.1/pico-sdk/lib/tinyusb/src/tusb.c.obj
                0x10006b7c                tu_edpt_release
 .text.tu_edpt_validate
                0x10006bb8       0x78 CMakeFiles/swd_edr.dir/C_/Program_Files/Raspberry_Pi/Pico_SDK_v1.5.1/pico-sdk/lib/tinyusb/src/tusb.c.obj
                0x10006bb8                tu_edpt_validate
 .text.tu_edpt_bind_driver
                0x10006c30       0x26 CMakeFiles/swd_edr.dir/C_/Program_Files/Raspberry_Pi/Pico_SDK_v1.5.1/pico-sdk/lib/tinyusb/src/tusb.c.obj
                0x10006c30                tu_edpt_bind_driver
 .text.advance_index
                0x10006c56       0x1a CMakeFiles/swd_edr.dir/C_/Program_Files/Raspberry_Pi/Pico_SDK_v1.5.1/pico-sdk/lib/tinyusb/src/common/tusb_fifo.c.obj
 .text._tu_fifo_peek
                0x10006c70       0x56 CMakeFiles/swd_edr.dir/C_/Program_Files/Raspberry_Pi/Pico_SDK_v1.5.1/pico-sdk/lib/tinyusb/src/common/tusb_fifo.c.obj
 .text._ff_pull_const_addr
                0x10006cc6       0x4c CMakeFiles/swd_edr.dir/C_/Program_Files/Raspberry_Pi/Pico_SDK_v1.5.1/pico-sdk/lib/tinyusb/src/common/tusb_fifo.c.obj
 .text._ff_pull_n
                0x10006d12      0x110 CMakeFiles/swd_edr.dir/C_/Program_Files/Raspberry_Pi/Pico_SDK_v1.5.1/pico-sdk/lib/tinyusb/src/common/tusb_fifo.c.obj
 .text._tu_fifo_peek_n
                0x10006e22       0x6a CMakeFiles/swd_edr.dir/C_/Program_Files/Raspberry_Pi/Pico_SDK_v1.5.1/pico-sdk/lib/tinyusb/src/common/tusb_fifo.c.obj
 .text._tu_fifo_read_n
                0x10006e8c       0x4e CMakeFiles/swd_edr.dir/C_/Program_Files/Raspberry_Pi/Pico_SDK_v1.5.1/pico-sdk/lib/tinyusb/src/common/tusb_fifo.c.obj
 .text._ff_push_const_addr
                0x10006eda       0x40 CMakeFiles/swd_edr.dir/C_/Program_Files/Raspberry_Pi/Pico_SDK_v1.5.1/pico-sdk/lib/tinyusb/src/common/tusb_fifo.c.obj
 .text._ff_push_n
                0x10006f1a      0x10c CMakeFiles/swd_edr.dir/C_/Program_Files/Raspberry_Pi/Pico_SDK_v1.5.1/pico-sdk/lib/tinyusb/src/common/tusb_fifo.c.obj
 .text._tu_fifo_write_n
                0x10007026       0xf0 CMakeFiles/swd_edr.dir/C_/Program_Files/Raspberry_Pi/Pico_SDK_v1.5.1/pico-sdk/lib/tinyusb/src/common/tusb_fifo.c.obj
 .text.tu_fifo_config
                0x10007116       0x7c CMakeFiles/swd_edr.dir/C_/Program_Files/Raspberry_Pi/Pico_SDK_v1.5.1/pico-sdk/lib/tinyusb/src/common/tusb_fifo.c.obj
                0x10007116                tu_fifo_config
 .text.tu_fifo_count
                0x10007192       0x2a CMakeFiles/swd_edr.dir/C_/Program_Files/Raspberry_Pi/Pico_SDK_v1.5.1/pico-sdk/lib/tinyusb/src/common/tusb_fifo.c.obj
                0x10007192                tu_fifo_count
 .text.tu_fifo_empty
                0x100071bc       0x10 CMakeFiles/swd_edr.dir/C_/Program_Files/Raspberry_Pi/Pico_SDK_v1.5.1/pico-sdk/lib/tinyusb/src/common/tusb_fifo.c.obj
                0x100071bc                tu_fifo_empty
 .text.tu_fifo_full
                0x100071cc       0x28 CMakeFiles/swd_edr.dir/C_/Program_Files/Raspberry_Pi/Pico_SDK_v1.5.1/pico-sdk/lib/tinyusb/src/common/tusb_fifo.c.obj
                0x100071cc                tu_fifo_full
 .text.tu_fifo_remaining
                0x100071f4       0x2c CMakeFiles/swd_edr.dir/C_/Program_Files/Raspberry_Pi/Pico_SDK_v1.5.1/pico-sdk/lib/tinyusb/src/common/tusb_fifo.c.obj
                0x100071f4                tu_fifo_remaining
 .text.tu_fifo_read
                0x10007220       0x42 CMakeFiles/swd_edr.dir/C_/Program_Files/Raspberry_Pi/Pico_SDK_v1.5.1/pico-sdk/lib/tinyusb/src/common/tusb_fifo.c.obj
                0x10007220                tu_fifo_read
 .text.tu_fifo_read_n
                0x10007262        0xa CMakeFiles/swd_edr.dir/C_/Program_Files/Raspberry_Pi/Pico_SDK_v1.5.1/pico-sdk/lib/tinyusb/src/common/tusb_fifo.c.obj
                0x10007262                tu_fifo_read_n
 .text.tu_fifo_write
                0x1000726c       0x64 CMakeFiles/swd_edr.dir/C_/Program_Files/Raspberry_Pi/Pico_SDK_v1.5.1/pico-sdk/lib/tinyusb/src/common/tusb_fifo.c.obj
                0x1000726c                tu_fifo_write
 .text.tu_fifo_write_n
                0x100072d0        0xa CMakeFiles/swd_edr.dir/C_/Program_Files/Raspberry_Pi/Pico_SDK_v1.5.1/pico-sdk/lib/tinyusb/src/common/tusb_fifo.c.obj
                0x100072d0                tu_fifo_write_n
 .text.tu_fifo_clear
                0x100072da       0x3e CMakeFiles/swd_edr.dir/C_/Program_Files/Raspberry_Pi/Pico_SDK_v1.5.1/pico-sdk/lib/tinyusb/src/common/tusb_fifo.c.obj
                0x100072da                tu_fifo_clear
 .text.tu_fifo_set_overwritable
                0x10007318       0x46 CMakeFiles/swd_edr.dir/C_/Program_Files/Raspberry_Pi/Pico_SDK_v1.5.1/pico-sdk/lib/tinyusb/src/common/tusb_fifo.c.obj
                0x10007318                tu_fifo_set_overwritable
 *fill*         0x1000735e        0x2 
 .text._calloc_r
                0x10007360       0x9c c:/progra~1/raspbe~1/picosd~1.1/gcc-ar~1/bin/../lib/gcc/arm-none-eabi/10.3.1/../../../../arm-none-eabi/lib/thumb/v6-m/nofp\libg.a(lib_a-callocr.o)
                0x10007360                _calloc_r
 .text.__errno  0x100073fc        0xc c:/progra~1/raspbe~1/picosd~1.1/gcc-ar~1/bin/../lib/gcc/arm-none-eabi/10.3.1/../../../../arm-none-eabi/lib/thumb/v6-m/nofp\libg.a(lib_a-errno.o)
                0x100073fc                __errno
 .text.__sflush_r
                0x10007408      0x140 c:/progra~1/raspbe~1/picosd~1.1/gcc-ar~1/bin/../lib/gcc/arm-none-eabi/10.3.1/../../../../arm-none-eabi/lib/thumb/v6-m/nofp\libg.a(lib_a-fflush.o)
                0x10007408                __sflush_r
 .text._fflush_r
                0x10007548       0x6c c:/progra~1/raspbe~1/picosd~1.1/gcc-ar~1/bin/../lib/gcc/arm-none-eabi/10.3.1/../../../../arm-none-eabi/lib/thumb/v6-m/nofp\libg.a(lib_a-fflush.o)
                0x10007548                _fflush_r
 .text.fflush   0x100075b4       0x78 c:/progra~1/raspbe~1/picosd~1.1/gcc-ar~1/bin/../lib/gcc/arm-none-eabi/10.3.1/../../../../arm-none-eabi/lib/thumb/v6-m/nofp\libg.a(lib_a-fflush.o)
                0x100075b4                fflush
 .text._cleanup_r
                0x1000762c       0x10 c:/progra~1/raspbe~1/picosd~1.1/gcc-ar~1/bin/../lib/gcc/arm-none-eabi/10.3.1/../../../../arm-none-eabi/lib/thumb/v6-m/nofp\libg.a(lib_a-findfp.o)
                0x1000762c                _cleanup_r
 .text.__sinit  0x1000763c      0x120 c:/progra~1/raspbe~1/picosd~1.1/gcc-ar~1/bin/../lib/gcc/arm-none-eabi/10.3.1/../../../../arm-none-eabi/lib/thumb/v6-m/nofp\libg.a(lib_a-findfp.o)
                0x1000763c                __sinit
 .text.__sfp_lock_acquire
                0x1000775c       0x10 c:/progra~1/raspbe~1/picosd~1.1/gcc-ar~1/bin/../lib/gcc/arm-none-eabi/10.3.1/../../../../arm-none-eabi/lib/thumb/v6-m/nofp\libg.a(lib_a-findfp.o)
                0x1000775c                __sfp_lock_acquire
 .text.__sfp_lock_release
                0x1000776c       0x10 c:/progra~1/raspbe~1/picosd~1.1/gcc-ar~1/bin/../lib/gcc/arm-none-eabi/10.3.1/../../../../arm-none-eabi/lib/thumb/v6-m/nofp\libg.a(lib_a-findfp.o)
                0x1000776c                __sfp_lock_release
 .text._malloc_trim_r
                0x1000777c       0x9c c:/progra~1/raspbe~1/picosd~1.1/gcc-ar~1/bin/../lib/gcc/arm-none-eabi/10.3.1/../../../../arm-none-eabi/lib/thumb/v6-m/nofp\libg.a(lib_a-freer.o)
                0x1000777c                _malloc_trim_r
 .text._free_r  0x10007818      0x1c4 c:/progra~1/raspbe~1/picosd~1.1/gcc-ar~1/bin/../lib/gcc/arm-none-eabi/10.3.1/../../../../arm-none-eabi/lib/thumb/v6-m/nofp\libg.a(lib_a-freer.o)
                0x10007818                _free_r
 .text._fwalk   0x100079dc       0x40 c:/progra~1/raspbe~1/picosd~1.1/gcc-ar~1/bin/../lib/gcc/arm-none-eabi/10.3.1/../../../../arm-none-eabi/lib/thumb/v6-m/nofp\libg.a(lib_a-fwalk.o)
                0x100079dc                _fwalk
 .text._fwalk_reent
                0x10007a1c       0x48 c:/progra~1/raspbe~1/picosd~1.1/gcc-ar~1/bin/../lib/gcc/arm-none-eabi/10.3.1/../../../../arm-none-eabi/lib/thumb/v6-m/nofp\libg.a(lib_a-fwalk.o)
                0x10007a1c                _fwalk_reent
 .text.getc     0x10007a64       0x68 c:/progra~1/raspbe~1/picosd~1.1/gcc-ar~1/bin/../lib/gcc/arm-none-eabi/10.3.1/../../../../arm-none-eabi/lib/thumb/v6-m/nofp\libg.a(lib_a-getc.o)
                0x10007a64                getc
 .text.__retarget_lock_init_recursive
                0x10007acc        0x4 c:/progra~1/raspbe~1/picosd~1.1/gcc-ar~1/bin/../lib/gcc/arm-none-eabi/10.3.1/../../../../arm-none-eabi/lib/thumb/v6-m/nofp\libg.a(lib_a-lock.o)
                0x10007acc                __retarget_lock_init_recursive
 .text.__retarget_lock_close_recursive
                0x10007ad0        0x4 c:/progra~1/raspbe~1/picosd~1.1/gcc-ar~1/bin/../lib/gcc/arm-none-eabi/10.3.1/../../../../arm-none-eabi/lib/thumb/v6-m/nofp\libg.a(lib_a-lock.o)
                0x10007ad0                __retarget_lock_close_recursive
 .text.__retarget_lock_acquire_recursive
                0x10007ad4        0x4 c:/progra~1/raspbe~1/picosd~1.1/gcc-ar~1/bin/../lib/gcc/arm-none-eabi/10.3.1/../../../../arm-none-eabi/lib/thumb/v6-m/nofp\libg.a(lib_a-lock.o)
                0x10007ad4                __retarget_lock_acquire_recursive
 .text.__retarget_lock_release_recursive
                0x10007ad8        0x4 c:/progra~1/raspbe~1/picosd~1.1/gcc-ar~1/bin/../lib/gcc/arm-none-eabi/10.3.1/../../../../arm-none-eabi/lib/thumb/v6-m/nofp\libg.a(lib_a-lock.o)
                0x10007ad8                __retarget_lock_release_recursive
 .text.malloc   0x10007adc       0x14 c:/progra~1/raspbe~1/picosd~1.1/gcc-ar~1/bin/../lib/gcc/arm-none-eabi/10.3.1/../../../../arm-none-eabi/lib/thumb/v6-m/nofp\libg.a(lib_a-malloc.o)
                0x10007adc                malloc
 .text.free     0x10007af0       0x14 c:/progra~1/raspbe~1/picosd~1.1/gcc-ar~1/bin/../lib/gcc/arm-none-eabi/10.3.1/../../../../arm-none-eabi/lib/thumb/v6-m/nofp\libg.a(lib_a-malloc.o)
                0x10007af0                free
 .text._malloc_r
                0x10007b04      0x584 c:/progra~1/raspbe~1/picosd~1.1/gcc-ar~1/bin/../lib/gcc/arm-none-eabi/10.3.1/../../../../arm-none-eabi/lib/thumb/v6-m/nofp\libg.a(lib_a-mallocr.o)
                0x10007b04                _malloc_r
 .text.__malloc_lock
                0x10008088       0x10 c:/progra~1/raspbe~1/picosd~1.1/gcc-ar~1/bin/../lib/gcc/arm-none-eabi/10.3.1/../../../../arm-none-eabi/lib/thumb/v6-m/nofp\libg.a(lib_a-mlock.o)
                0x10008088                __malloc_lock
 .text.__malloc_unlock
                0x10008098       0x10 c:/progra~1/raspbe~1/picosd~1.1/gcc-ar~1/bin/../lib/gcc/arm-none-eabi/10.3.1/../../../../arm-none-eabi/lib/thumb/v6-m/nofp\libg.a(lib_a-mlock.o)
                0x10008098                __malloc_unlock
 .text.realloc  0x100080a8       0x18 c:/progra~1/raspbe~1/picosd~1.1/gcc-ar~1/bin/../lib/gcc/arm-none-eabi/10.3.1/../../../../arm-none-eabi/lib/thumb/v6-m/nofp\libg.a(lib_a-realloc.o)
                0x100080a8                realloc
 .text._realloc_r
                0x100080c0      0x354 c:/progra~1/raspbe~1/picosd~1.1/gcc-ar~1/bin/../lib/gcc/arm-none-eabi/10.3.1/../../../../arm-none-eabi/lib/thumb/v6-m/nofp\libg.a(lib_a-reallocr.o)
                0x100080c0                _realloc_r
 .text.__srget_r
                0x10008414       0x38 c:/progra~1/raspbe~1/picosd~1.1/gcc-ar~1/bin/../lib/gcc/arm-none-eabi/10.3.1/../../../../arm-none-eabi/lib/thumb/v6-m/nofp\libg.a(lib_a-rget.o)
                0x10008414                __srget_r
 .text._sbrk_r  0x1000844c       0x24 c:/progra~1/raspbe~1/picosd~1.1/gcc-ar~1/bin/../lib/gcc/arm-none-eabi/10.3.1/../../../../arm-none-eabi/lib/thumb/v6-m/nofp\libg.a(lib_a-sbrkr.o)
                0x1000844c                _sbrk_r
 .text.scanf    0x10008470       0x24 c:/progra~1/raspbe~1/picosd~1.1/gcc-ar~1/bin/../lib/gcc/arm-none-eabi/10.3.1/../../../../arm-none-eabi/lib/thumb/v6-m/nofp\libg.a(lib_a-scanf.o)
                0x10008470                scanf
 .text.__sread  0x10008494       0x28 c:/progra~1/raspbe~1/picosd~1.1/gcc-ar~1/bin/../lib/gcc/arm-none-eabi/10.3.1/../../../../arm-none-eabi/lib/thumb/v6-m/nofp\libg.a(lib_a-stdio.o)
                0x10008494                __sread
 .text.__swrite
                0x100084bc       0x40 c:/progra~1/raspbe~1/picosd~1.1/gcc-ar~1/bin/../lib/gcc/arm-none-eabi/10.3.1/../../../../arm-none-eabi/lib/thumb/v6-m/nofp\libg.a(lib_a-stdio.o)
                0x100084bc                __swrite
 .text.__sseek  0x100084fc       0x2c c:/progra~1/raspbe~1/picosd~1.1/gcc-ar~1/bin/../lib/gcc/arm-none-eabi/10.3.1/../../../../arm-none-eabi/lib/thumb/v6-m/nofp\libg.a(lib_a-stdio.o)
                0x100084fc                __sseek
 .text.__sclose
                0x10008528        0xc c:/progra~1/raspbe~1/picosd~1.1/gcc-ar~1/bin/../lib/gcc/arm-none-eabi/10.3.1/../../../../arm-none-eabi/lib/thumb/v6-m/nofp\libg.a(lib_a-stdio.o)
                0x10008528                __sclose
 .text.strlen   0x10008534       0x5c c:/progra~1/raspbe~1/picosd~1.1/gcc-ar~1/bin/../lib/gcc/arm-none-eabi/10.3.1/../../../../arm-none-eabi/lib/thumb/v6-m/nofp\libg.a(lib_a-strlen-stub.o)
                0x10008534                strlen
 .text.__svfscanf_r
                0x10008590     0x17d8 c:/progra~1/raspbe~1/picosd~1.1/gcc-ar~1/bin/../lib/gcc/arm-none-eabi/10.3.1/../../../../arm-none-eabi/lib/thumb/v6-m/nofp\libg.a(lib_a-vfscanf.o)
                0x10008590                __svfscanf_r
 .text._vfscanf_r
                0x10009d68       0x28 c:/progra~1/raspbe~1/picosd~1.1/gcc-ar~1/bin/../lib/gcc/arm-none-eabi/10.3.1/../../../../arm-none-eabi/lib/thumb/v6-m/nofp\libg.a(lib_a-vfscanf.o)
                0x10009d68                _vfscanf_r
 .text._write_r
                0x10009d90       0x28 c:/progra~1/raspbe~1/picosd~1.1/gcc-ar~1/bin/../lib/gcc/arm-none-eabi/10.3.1/../../../../arm-none-eabi/lib/thumb/v6-m/nofp\libg.a(lib_a-writer.o)
                0x10009d90                _write_r
 .text._close_r
                0x10009db8       0x24 c:/progra~1/raspbe~1/picosd~1.1/gcc-ar~1/bin/../lib/gcc/arm-none-eabi/10.3.1/../../../../arm-none-eabi/lib/thumb/v6-m/nofp\libg.a(lib_a-closer.o)
                0x10009db8                _close_r
 .text._fclose_r
                0x10009ddc       0xdc c:/progra~1/raspbe~1/picosd~1.1/gcc-ar~1/bin/../lib/gcc/arm-none-eabi/10.3.1/../../../../arm-none-eabi/lib/thumb/v6-m/nofp\libg.a(lib_a-fclose.o)
                0x10009ddc                _fclose_r
 .text._fread_r
                0x10009eb8      0x1bc c:/progra~1/raspbe~1/picosd~1.1/gcc-ar~1/bin/../lib/gcc/arm-none-eabi/10.3.1/../../../../arm-none-eabi/lib/thumb/v6-m/nofp\libg.a(lib_a-fread.o)
                0x10009eb8                _fread_r
 .text.iswspace
                0x1000a074        0xc c:/progra~1/raspbe~1/picosd~1.1/gcc-ar~1/bin/../lib/gcc/arm-none-eabi/10.3.1/../../../../arm-none-eabi/lib/thumb/v6-m/nofp\libg.a(lib_a-iswspace.o)
                0x1000a074                iswspace
 .text.iswspace_l
                0x1000a080       0x18 c:/progra~1/raspbe~1/picosd~1.1/gcc-ar~1/bin/../lib/gcc/arm-none-eabi/10.3.1/../../../../arm-none-eabi/lib/thumb/v6-m/nofp\libg.a(lib_a-iswspace_l.o)
                0x1000a080                iswspace_l
 .text.__locale_mb_cur_max
                0x1000a098       0x10 c:/progra~1/raspbe~1/picosd~1.1/gcc-ar~1/bin/../lib/gcc/arm-none-eabi/10.3.1/../../../../arm-none-eabi/lib/thumb/v6-m/nofp\libg.a(lib_a-locale.o)
                0x1000a098                __locale_mb_cur_max
 .text._localeconv_r
                0x1000a0a8        0x8 c:/progra~1/raspbe~1/picosd~1.1/gcc-ar~1/bin/../lib/gcc/arm-none-eabi/10.3.1/../../../../arm-none-eabi/lib/thumb/v6-m/nofp\libg.a(lib_a-localeconv.o)
                0x1000a0a8                _localeconv_r
 .text._lseek_r
                0x1000a0b0       0x28 c:/progra~1/raspbe~1/picosd~1.1/gcc-ar~1/bin/../lib/gcc/arm-none-eabi/10.3.1/../../../../arm-none-eabi/lib/thumb/v6-m/nofp\libg.a(lib_a-lseekr.o)
                0x1000a0b0                _lseek_r
 .text._mbrtowc_r
                0x1000a0d8       0x4c c:/progra~1/raspbe~1/picosd~1.1/gcc-ar~1/bin/../lib/gcc/arm-none-eabi/10.3.1/../../../../arm-none-eabi/lib/thumb/v6-m/nofp\libg.a(lib_a-mbrtowc.o)
                0x1000a0d8                _mbrtowc_r
 .text.__ascii_mbtowc
                0x1000a124       0x2c c:/progra~1/raspbe~1/picosd~1.1/gcc-ar~1/bin/../lib/gcc/arm-none-eabi/10.3.1/../../../../arm-none-eabi/lib/thumb/v6-m/nofp\libg.a(lib_a-mbtowc_r.o)
                0x1000a124                __ascii_mbtowc
 .text.memmove  0x1000a150       0xac c:/progra~1/raspbe~1/picosd~1.1/gcc-ar~1/bin/../lib/gcc/arm-none-eabi/10.3.1/../../../../arm-none-eabi/lib/thumb/v6-m/nofp\libg.a(lib_a-memmove.o)
                0x1000a150                memmove
 .text._read_r  0x1000a1fc       0x28 c:/progra~1/raspbe~1/picosd~1.1/gcc-ar~1/bin/../lib/gcc/arm-none-eabi/10.3.1/../../../../arm-none-eabi/lib/thumb/v6-m/nofp\libg.a(lib_a-readr.o)
                0x1000a1fc                _read_r
 .text.lflush   0x1000a224       0x1c c:/progra~1/raspbe~1/picosd~1.1/gcc-ar~1/bin/../lib/gcc/arm-none-eabi/10.3.1/../../../../arm-none-eabi/lib/thumb/v6-m/nofp\libg.a(lib_a-refill.o)
 .text.__srefill_r
                0x1000a240      0x124 c:/progra~1/raspbe~1/picosd~1.1/gcc-ar~1/bin/../lib/gcc/arm-none-eabi/10.3.1/../../../../arm-none-eabi/lib/thumb/v6-m/nofp\libg.a(lib_a-refill.o)
                0x1000a240                __srefill_r
 .text.__sccl   0x1000a364       0x80 c:/progra~1/raspbe~1/picosd~1.1/gcc-ar~1/bin/../lib/gcc/arm-none-eabi/10.3.1/../../../../arm-none-eabi/lib/thumb/v6-m/nofp\libg.a(lib_a-sccl.o)
                0x1000a364                __sccl
 .text.nanf     0x1000a3e4        0x8 c:/progra~1/raspbe~1/picosd~1.1/gcc-ar~1/bin/../lib/gcc/arm-none-eabi/10.3.1/../../../../arm-none-eabi/lib/thumb/v6-m/nofp\libg.a(lib_a-sf_nan.o)
                0x1000a3e4                nanf
 .text.strncmp  0x1000a3ec       0x74 c:/progra~1/raspbe~1/picosd~1.1/gcc-ar~1/bin/../lib/gcc/arm-none-eabi/10.3.1/../../../../arm-none-eabi/lib/thumb/v6-m/nofp\libg.a(lib_a-strncmp.o)
                0x1000a3ec                strncmp
 .text._strtod_l
                0x1000a460      0xf78 c:/progra~1/raspbe~1/picosd~1.1/gcc-ar~1/bin/../lib/gcc/arm-none-eabi/10.3.1/../../../../arm-none-eabi/lib/thumb/v6-m/nofp\libg.a(lib_a-strtod.o)
                0x1000a460                _strtod_l
 .text._strtod_r
                0x1000b3d8       0x10 c:/progra~1/raspbe~1/picosd~1.1/gcc-ar~1/bin/../lib/gcc/arm-none-eabi/10.3.1/../../../../arm-none-eabi/lib/thumb/v6-m/nofp\libg.a(lib_a-strtod.o)
                0x1000b3d8                _strtod_r
 .text._strtol_l.part.0
                0x1000b3e8      0x144 c:/progra~1/raspbe~1/picosd~1.1/gcc-ar~1/bin/../lib/gcc/arm-none-eabi/10.3.1/../../../../arm-none-eabi/lib/thumb/v6-m/nofp\libg.a(lib_a-strtol.o)
 .text._strtol_r
                0x1000b52c       0x1c c:/progra~1/raspbe~1/picosd~1.1/gcc-ar~1/bin/../lib/gcc/arm-none-eabi/10.3.1/../../../../arm-none-eabi/lib/thumb/v6-m/nofp\libg.a(lib_a-strtol.o)
                0x1000b52c                _strtol_r
 .text._strtoll_l.constprop.0
                0x1000b548      0x198 c:/progra~1/raspbe~1/picosd~1.1/gcc-ar~1/bin/../lib/gcc/arm-none-eabi/10.3.1/../../../../arm-none-eabi/lib/thumb/v6-m/nofp\libg.a(lib_a-strtoll.o)
 .text._strtoll_r
                0x1000b6e0        0x8 c:/progra~1/raspbe~1/picosd~1.1/gcc-ar~1/bin/../lib/gcc/arm-none-eabi/10.3.1/../../../../arm-none-eabi/lib/thumb/v6-m/nofp\libg.a(lib_a-strtoll.o)
                0x1000b6e0                _strtoll_r
 .text._strtoul_l.constprop.0
                0x1000b6e8      0x148 c:/progra~1/raspbe~1/picosd~1.1/gcc-ar~1/bin/../lib/gcc/arm-none-eabi/10.3.1/../../../../arm-none-eabi/lib/thumb/v6-m/nofp\libg.a(lib_a-strtoul.o)
 .text._strtoul_r
                0x1000b830        0x8 c:/progra~1/raspbe~1/picosd~1.1/gcc-ar~1/bin/../lib/gcc/arm-none-eabi/10.3.1/../../../../arm-none-eabi/lib/thumb/v6-m/nofp\libg.a(lib_a-strtoul.o)
                0x1000b830                _strtoul_r
 .text._strtoull_l.constprop.0
                0x1000b838      0x1bc c:/progra~1/raspbe~1/picosd~1.1/gcc-ar~1/bin/../lib/gcc/arm-none-eabi/10.3.1/../../../../arm-none-eabi/lib/thumb/v6-m/nofp\libg.a(lib_a-strtoull.o)
 .text._strtoull_r
                0x1000b9f4        0x8 c:/progra~1/raspbe~1/picosd~1.1/gcc-ar~1/bin/../lib/gcc/arm-none-eabi/10.3.1/../../../../arm-none-eabi/lib/thumb/v6-m/nofp\libg.a(lib_a-strtoull.o)
                0x1000b9f4                _strtoull_r
 .text.__submore
                0x1000b9fc       0x84 c:/progra~1/raspbe~1/picosd~1.1/gcc-ar~1/bin/../lib/gcc/arm-none-eabi/10.3.1/../../../../arm-none-eabi/lib/thumb/v6-m/nofp\libg.a(lib_a-ungetc.o)
                0x1000b9fc                __submore
 .text._ungetc_r
                0x1000ba80      0x138 c:/progra~1/raspbe~1/picosd~1.1/gcc-ar~1/bin/../lib/gcc/arm-none-eabi/10.3.1/../../../../arm-none-eabi/lib/thumb/v6-m/nofp\libg.a(lib_a-ungetc.o)
                0x1000ba80                _ungetc_r
 .text.__ascii_wctomb
                0x1000bbb8       0x1c c:/progra~1/raspbe~1/picosd~1.1/gcc-ar~1/bin/../lib/gcc/arm-none-eabi/10.3.1/../../../../arm-none-eabi/lib/thumb/v6-m/nofp\libg.a(lib_a-wctomb_r.o)
                0x1000bbb8                __ascii_wctomb
 .text.rshift   0x1000bbd4       0xa4 c:/progra~1/raspbe~1/picosd~1.1/gcc-ar~1/bin/../lib/gcc/arm-none-eabi/10.3.1/../../../../arm-none-eabi/lib/thumb/v6-m/nofp\libg.a(lib_a-gdtoa-gethex.o)
 .text.__gethex
                0x1000bc78      0x5cc c:/progra~1/raspbe~1/picosd~1.1/gcc-ar~1/bin/../lib/gcc/arm-none-eabi/10.3.1/../../../../arm-none-eabi/lib/thumb/v6-m/nofp\libg.a(lib_a-gdtoa-gethex.o)
                0x1000bc78                __gethex
 .text.__match  0x1000c244       0x2c c:/progra~1/raspbe~1/picosd~1.1/gcc-ar~1/bin/../lib/gcc/arm-none-eabi/10.3.1/../../../../arm-none-eabi/lib/thumb/v6-m/nofp\libg.a(lib_a-gdtoa-hexnan.o)
                0x1000c244                __match
 .text.__hexnan
                0x1000c270      0x1d0 c:/progra~1/raspbe~1/picosd~1.1/gcc-ar~1/bin/../lib/gcc/arm-none-eabi/10.3.1/../../../../arm-none-eabi/lib/thumb/v6-m/nofp\libg.a(lib_a-gdtoa-hexnan.o)
                0x1000c270                __hexnan
 .text.__smakebuf_r
                0x1000c440       0xe4 c:/progra~1/raspbe~1/picosd~1.1/gcc-ar~1/bin/../lib/gcc/arm-none-eabi/10.3.1/../../../../arm-none-eabi/lib/thumb/v6-m/nofp\libg.a(lib_a-makebuf.o)
                0x1000c440                __smakebuf_r
 .text._Balloc  0x1000c524       0x50 c:/progra~1/raspbe~1/picosd~1.1/gcc-ar~1/bin/../lib/gcc/arm-none-eabi/10.3.1/../../../../arm-none-eabi/lib/thumb/v6-m/nofp\libg.a(lib_a-mprec.o)
                0x1000c524                _Balloc
 .text._Bfree   0x1000c574       0x14 c:/progra~1/raspbe~1/picosd~1.1/gcc-ar~1/bin/../lib/gcc/arm-none-eabi/10.3.1/../../../../arm-none-eabi/lib/thumb/v6-m/nofp\libg.a(lib_a-mprec.o)
                0x1000c574                _Bfree
 .text.__multadd
                0x1000c588       0xa8 c:/progra~1/raspbe~1/picosd~1.1/gcc-ar~1/bin/../lib/gcc/arm-none-eabi/10.3.1/../../../../arm-none-eabi/lib/thumb/v6-m/nofp\libg.a(lib_a-mprec.o)
                0x1000c588                __multadd
 .text.__s2b    0x1000c630       0xb0 c:/progra~1/raspbe~1/picosd~1.1/gcc-ar~1/bin/../lib/gcc/arm-none-eabi/10.3.1/../../../../arm-none-eabi/lib/thumb/v6-m/nofp\libg.a(lib_a-mprec.o)
                0x1000c630                __s2b
 .text.__hi0bits
                0x1000c6e0       0x38 c:/progra~1/raspbe~1/picosd~1.1/gcc-ar~1/bin/../lib/gcc/arm-none-eabi/10.3.1/../../../../arm-none-eabi/lib/thumb/v6-m/nofp\libg.a(lib_a-mprec.o)
                0x1000c6e0                __hi0bits
 .text.__lo0bits
                0x1000c718       0x5c c:/progra~1/raspbe~1/picosd~1.1/gcc-ar~1/bin/../lib/gcc/arm-none-eabi/10.3.1/../../../../arm-none-eabi/lib/thumb/v6-m/nofp\libg.a(lib_a-mprec.o)
                0x1000c718                __lo0bits
 .text.__i2b    0x1000c774       0x60 c:/progra~1/raspbe~1/picosd~1.1/gcc-ar~1/bin/../lib/gcc/arm-none-eabi/10.3.1/../../../../arm-none-eabi/lib/thumb/v6-m/nofp\libg.a(lib_a-mprec.o)
                0x1000c774                __i2b
 .text.__multiply
                0x1000c7d4      0x1a4 c:/progra~1/raspbe~1/picosd~1.1/gcc-ar~1/bin/../lib/gcc/arm-none-eabi/10.3.1/../../../../arm-none-eabi/lib/thumb/v6-m/nofp\libg.a(lib_a-mprec.o)
                0x1000c7d4                __multiply
 .text.__pow5mult
                0x1000c978       0xd8 c:/progra~1/raspbe~1/picosd~1.1/gcc-ar~1/bin/../lib/gcc/arm-none-eabi/10.3.1/../../../../arm-none-eabi/lib/thumb/v6-m/nofp\libg.a(lib_a-mprec.o)
                0x1000c978                __pow5mult
 .text.__lshift
                0x1000ca50       0xfc c:/progra~1/raspbe~1/picosd~1.1/gcc-ar~1/bin/../lib/gcc/arm-none-eabi/10.3.1/../../../../arm-none-eabi/lib/thumb/v6-m/nofp\libg.a(lib_a-mprec.o)
                0x1000ca50                __lshift
 .text.__mcmp   0x1000cb4c       0x34 c:/progra~1/raspbe~1/picosd~1.1/gcc-ar~1/bin/../lib/gcc/arm-none-eabi/10.3.1/../../../../arm-none-eabi/lib/thumb/v6-m/nofp\libg.a(lib_a-mprec.o)
                0x1000cb4c                __mcmp
 .text.__mdiff  0x1000cb80      0x18c c:/progra~1/raspbe~1/picosd~1.1/gcc-ar~1/bin/../lib/gcc/arm-none-eabi/10.3.1/../../../../arm-none-eabi/lib/thumb/v6-m/nofp\libg.a(lib_a-mprec.o)
                0x1000cb80                __mdiff
 .text.__ulp    0x1000cd0c       0x48 c:/progra~1/raspbe~1/picosd~1.1/gcc-ar~1/bin/../lib/gcc/arm-none-eabi/10.3.1/../../../../arm-none-eabi/lib/thumb/v6-m/nofp\libg.a(lib_a-mprec.o)
                0x1000cd0c                __ulp
 .text.__b2d    0x1000cd54       0xc8 c:/progra~1/raspbe~1/picosd~1.1/gcc-ar~1/bin/../lib/gcc/arm-none-eabi/10.3.1/../../../../arm-none-eabi/lib/thumb/v6-m/nofp\libg.a(lib_a-mprec.o)
                0x1000cd54                __b2d
 .text.__d2b    0x1000ce1c       0xd8 c:/progra~1/raspbe~1/picosd~1.1/gcc-ar~1/bin/../lib/gcc/arm-none-eabi/10.3.1/../../../../arm-none-eabi/lib/thumb/v6-m/nofp\libg.a(lib_a-mprec.o)
                0x1000ce1c                __d2b
 .text.__ratio  0x1000cef4       0x68 c:/progra~1/raspbe~1/picosd~1.1/gcc-ar~1/bin/../lib/gcc/arm-none-eabi/10.3.1/../../../../arm-none-eabi/lib/thumb/v6-m/nofp\libg.a(lib_a-mprec.o)
                0x1000cef4                __ratio
 .text.__copybits
                0x1000cf5c       0x40 c:/progra~1/raspbe~1/picosd~1.1/gcc-ar~1/bin/../lib/gcc/arm-none-eabi/10.3.1/../../../../arm-none-eabi/lib/thumb/v6-m/nofp\libg.a(lib_a-mprec.o)
                0x1000cf5c                __copybits
 .text.__any_on
                0x1000cf9c       0x50 c:/progra~1/raspbe~1/picosd~1.1/gcc-ar~1/bin/../lib/gcc/arm-none-eabi/10.3.1/../../../../arm-none-eabi/lib/thumb/v6-m/nofp\libg.a(lib_a-mprec.o)
                0x1000cf9c                __any_on
 .text.nan      0x1000cfec        0xc c:/progra~1/raspbe~1/picosd~1.1/gcc-ar~1/bin/../lib/gcc/arm-none-eabi/10.3.1/../../../../arm-none-eabi/lib/thumb/v6-m/nofp\libg.a(lib_a-s_nan.o)
                0x1000cfec                nan
 .text._fstat_r
                0x1000cff8       0x28 c:/progra~1/raspbe~1/picosd~1.1/gcc-ar~1/bin/../lib/gcc/arm-none-eabi/10.3.1/../../../../arm-none-eabi/lib/thumb/v6-m/nofp\libg.a(lib_a-fstatr.o)
                0x1000cff8                _fstat_r
 .text._isatty_r
                0x1000d020       0x24 c:/progra~1/raspbe~1/picosd~1.1/gcc-ar~1/bin/../lib/gcc/arm-none-eabi/10.3.1/../../../../arm-none-eabi/lib/thumb/v6-m/nofp\libg.a(lib_a-isattyr.o)
                0x1000d020                _isatty_r
 *(.fini)
 .fini          0x1000d044        0x4 c:/progra~1/raspbe~1/picosd~1.1/gcc-ar~1/bin/../lib/gcc/arm-none-eabi/10.3.1/thumb/v6-m/nofp/crti.o
                0x1000d044                _fini
 .fini.__stub   0x1000d048       0xe0 linker stubs
 *crtbegin.o(.ctors)
 *crtbegin?.o(.ctors)
 *(EXCLUDE_FILE(*crtend.o *crtend?.o) .ctors)
 *(SORT_BY_NAME(.ctors.*))
 *(.ctors)
 *crtbegin.o(.dtors)
 *crtbegin?.o(.dtors)
 *(EXCLUDE_FILE(*crtend.o *crtend?.o) .dtors)
 *(SORT_BY_NAME(.dtors.*))
 *(.dtors)
 *(.eh_frame*)
 .eh_frame      0x1000d128        0x0 c:/progra~1/raspbe~1/picosd~1.1/gcc-ar~1/bin/../lib/gcc/arm-none-eabi/10.3.1/thumb/v6-m/nofp/crtbegin.o
                0x1000d128                . = ALIGN (0x4)

.glue_7         0x1000d128        0x0
 .glue_7        0x1000d128        0x0 linker stubs

.glue_7t        0x1000d128        0x0
 .glue_7t       0x1000d128        0x0 linker stubs

.vfp11_veneer   0x1000d128        0x0
 .vfp11_veneer  0x1000d128        0x0 linker stubs

.v4_bx          0x1000d128        0x0
 .v4_bx         0x1000d128        0x0 linker stubs

.iplt           0x1000d128        0x0
 .iplt          0x1000d128        0x0 c:/progra~1/raspbe~1/picosd~1.1/gcc-ar~1/bin/../lib/gcc/arm-none-eabi/10.3.1/thumb/v6-m/nofp/crtbegin.o

.rodata         0x1000d128     0xc074
 *(EXCLUDE_FILE(*libm.a: *libc.a:*lib_a-mem*.o *libgcc.a:) .rodata*)
 .rodata.printBuffer.str1.4
                0x1000d128        0x6 CMakeFiles/swd_edr.dir/main.c.obj
 *fill*         0x1000d12e        0x2 
 .rodata.detectMemoryAnomalies.str1.4
                0x1000d130      0x158 CMakeFiles/swd_edr.dir/main.c.obj
 .rodata.showPrompt.str1.4
                0x1000d288        0x4 CMakeFiles/swd_edr.dir/main.c.obj
 .rodata.showMenu.str1.4
                0x1000d28c       0x97 CMakeFiles/swd_edr.dir/main.c.obj
 *fill*         0x1000d323        0x1 
 .rodata.jep106_table_manufacturer.str1.4
                0x1000d324        0x8 CMakeFiles/swd_edr.dir/main.c.obj
 .rodata.swdDisplayDeviceDetails.str1.4
                0x1000d32c       0x41 CMakeFiles/swd_edr.dir/main.c.obj
 *fill*         0x1000d36d        0x3 
 .rodata.swdDisplayPinout.str1.4
                0x1000d370       0x2e CMakeFiles/swd_edr.dir/main.c.obj
 *fill*         0x1000d39e        0x2 
 .rodata.swdRead.str1.4
                0x1000d3a0        0xe CMakeFiles/swd_edr.dir/main.c.obj
 *fill*         0x1000d3ae        0x2 
 .rodata.clearAndCheck.str1.4
                0x1000d3b0       0x18 CMakeFiles/swd_edr.dir/main.c.obj
 .rodata.swdReadAck.str1.4
                0x1000d3c8       0x61 CMakeFiles/swd_edr.dir/main.c.obj
 *fill*         0x1000d429        0x3 
 .rodata.dumpdata.str1.4
                0x1000d42c       0xa8 CMakeFiles/swd_edr.dir/main.c.obj
 .rodata.getNumDumps.str1.4
                0x1000d4d4       0x1b CMakeFiles/swd_edr.dir/main.c.obj
 *fill*         0x1000d4ef        0x1 
 .rodata.getFormat.str1.4
                0x1000d4f0       0x30 CMakeFiles/swd_edr.dir/main.c.obj
 .rodata.getAddress.str1.4
                0x1000d520       0x23 CMakeFiles/swd_edr.dir/main.c.obj
 *fill*         0x1000d543        0x1 
 .rodata.getBytes.str1.4
                0x1000d544       0x31 CMakeFiles/swd_edr.dir/main.c.obj
 *fill*         0x1000d575        0x3 
 .rodata.swdTrySWDJ.str1.4
                0x1000d578      0x142 CMakeFiles/swd_edr.dir/main.c.obj
 *fill*         0x1000d6ba        0x2 
 .rodata.swdScan.str1.4
                0x1000d6bc       0x75 CMakeFiles/swd_edr.dir/main.c.obj
 *fill*         0x1000d731        0x3 
 .rodata.main.str1.4
                0x1000d734       0x1c CMakeFiles/swd_edr.dir/main.c.obj
 .rodata.str1.4
                0x1000d750     0x7fea CMakeFiles/swd_edr.dir/main.c.obj
 *fill*         0x1001573a        0x2 
 .rodata.jep106
                0x1001573c     0x1998 CMakeFiles/swd_edr.dir/main.c.obj